# 03-outbox-polling run 2026-09-26T15:44:07Z
== fresh Postgres + Kafka (docker compose down -v && up), no Debezium ==
 Container 03-outbox-polling-postgres-1 Healthy 
{"level":"ERROR","timestamp":"2026-09-26T15:44:10.066Z","logger":"kafkajs","message":"[Connection] Connection error: read ECONNRESET","broker":"localhost:59094","clientId":"kafkajs","stack":"Error: read ECONNRESET\n    at TCP.onStreamRead (node:internal/stream_base_commons:216:20)"}
{"level":"ERROR","timestamp":"2026-09-26T15:44:10.066Z","logger":"kafkajs","message":"[BrokerPool] Failed to connect to seed broker, trying another broker from the list: Connection error: read ECONNRESET","retryCount":0,"retryTime":303}
setup: orders + outbox tables, topic order-events
== consumer (background) ==
== app ==

## 1. Business write + event in one transaction
   concept: orders row and outbox row commit together; the app does not talk to Kafka
   outbox <- OrderPlaced event_id=659df125-16e4-4dfe-8df1-aee2a17f2990

## 2. Next state change, next event
   concept: each event is a row waiting for the relay (published_at IS NULL)
   outbox <- OrderPaid event_id=e5cba42b-c3af-4ba2-a995-e7cc1ae7fddb

## 3. Rollback drops the event too
   concept: business write fails -> whole transaction rolls back -> no outbox row to publish
   outbox <- OrderPlaced event_id=7b61b45e-7f6f-4f1b-bf3b-9cef00c242f4
   rejected: payment provider down, order 2 aborted

== proof: outbox rows waiting for the relay (published_at is null) ==
 id |    type     | aggregate_id | published_at 
----+-------------+--------------+--------------
  1 | OrderPlaced | 1            | 
  2 | OrderPaid   | 1            | 
(2 rows)

== relay pass 1: crashes after sending to Kafka, before marking published ==
relay: claimed + sent #1 OrderPlaced, #2 OrderPaid
relay: CRASH after send, before marking published (transaction never commits)
relay exited with 1
== proof: rows are still unpublished, the crashed transaction rolled back ==
 id |    type     | published_at 
----+-------------+--------------
  1 | OrderPlaced | 
  2 | OrderPaid   | 
(2 rows)

== relay pass 2: restarts, re-sends the same rows, marks them published ==
relay: claimed + sent #1 OrderPlaced, #2 OrderPaid
relay: marked 2 published
relay: outbox drained
== proof: every row now has published_at ==
 id |    type     | published 
----+-------------+-----------
  1 | OrderPlaced | t
  2 | OrderPaid   | t
(2 rows)

== consumer output: 2 events, then the same 2 again from pass 2, skipped by event_id ==
consumer: subscribed to order-events
consumer: OrderPlaced key=1 event_id=659df125-16e4-4dfe-8df1-aee2a17f2990 payload={"total":"42.50","orderId":1,"customer":"alice"}
consumer: OrderPaid key=1 event_id=e5cba42b-c3af-4ba2-a995-e7cc1ae7fddb payload={"orderId":1}
consumer: DUPLICATE OrderPlaced event_id=659df125-16e4-4dfe-8df1-aee2a17f2990 skipped (idempotent consumer)
consumer: DUPLICATE OrderPaid event_id=e5cba42b-c3af-4ba2-a995-e7cc1ae7fddb skipped (idempotent consumer)

== proof: orders table (alice paid, no bob) ==
 id | customer | status | total 
----+----------+--------+-------
  1 | alice    | paid   | 42.50
(1 row)

