# 07-outbox-polling run 2026-09-26T16:03:50Z
== fresh Postgres + Kafka (docker compose down -v && up), no Debezium ==
 Container 07-outbox-polling-kafka-1 Healthy 
setup: orders + outbox tables, topic order-events
== consumer (background) ==
== app ==

## 1. Business write + event in one transaction
   concept: orders row and outbox row commit together; the app does not talk to Kafka
   outbox <- OrderPlaced event_id=4216c39a-b016-47e2-927b-f852066a49ce

## 2. Next state change, next event
   concept: each event is a row waiting for the relay (published_at IS NULL)
   outbox <- OrderPaid event_id=1539a42d-071c-446b-afa6-516d2fa40648

## 3. Rollback drops the event too
   concept: business write fails -> whole transaction rolls back -> no outbox row to publish
   outbox <- OrderPlaced event_id=df8cba68-83b5-48c7-b4bc-a28972e55ad1
   rejected: payment provider down, order 2 aborted

== proof: outbox rows waiting for the relay (published_at is null) ==
 id |    type     | aggregate_id | published_at 
----+-------------+--------------+--------------
  1 | OrderPlaced | 1            | 
  2 | OrderPaid   | 1            | 
(2 rows)

== relay pass 1: crashes after sending to Kafka, before marking published ==
relay: claimed + sent #1 OrderPlaced, #2 OrderPaid
relay: CRASH after send, before marking published (transaction never commits)
relay exited with 1
== proof: rows are still unpublished, the crashed transaction rolled back ==
 id |    type     | published_at 
----+-------------+--------------
  1 | OrderPlaced | 
  2 | OrderPaid   | 
(2 rows)

== relay pass 2: restarts, re-sends the same rows, marks them published ==
relay: claimed + sent #1 OrderPlaced, #2 OrderPaid
relay: marked 2 published
relay: outbox drained
== proof: every row now has published_at ==
 id |    type     | published 
----+-------------+-----------
  1 | OrderPlaced | t
  2 | OrderPaid   | t
(2 rows)

== consumer output: 2 events, then the same 2 again from pass 2, skipped by event_id ==
consumer: subscribed to order-events
consumer: OrderPlaced key=1 event_id=4216c39a-b016-47e2-927b-f852066a49ce payload={"total":"42.50","orderId":1,"customer":"alice"}
consumer: OrderPaid key=1 event_id=1539a42d-071c-446b-afa6-516d2fa40648 payload={"orderId":1}
consumer: DUPLICATE OrderPlaced event_id=4216c39a-b016-47e2-927b-f852066a49ce skipped (idempotent consumer)
consumer: DUPLICATE OrderPaid event_id=1539a42d-071c-446b-afa6-516d2fa40648 skipped (idempotent consumer)

== proof: orders table (alice paid, no bob) ==
 id | customer | status | total 
----+----------+--------+-------
  1 | alice    | paid   | 42.50
(1 row)

