# 19-leader-election run 2026-10-04T00:54:32Z
== fresh Postgres (docker compose down -v && up) ==
 Container 19-leader-election-postgres-1 Healthy 
setup: leases (one row per job), ticks (the job's output, unfenced), fenced_ticks (same, guarded by a fencing-token trigger)

## 1. No election
   concept: three replicas of a cron-like job (every second, insert a row into ticks): each one runs it, so the job fires three times per second
   00:54:40 [a] started (pid 10756), no election
   00:54:40 [a] job ran
   00:54:40 [c] started (pid 10766), no election
   00:54:40 [c] job ran
   00:54:40 [b] started (pid 10757), no election
   00:54:40 [b] job ran
   00:54:41 [a] job ran
   00:54:41 [c] job ran
   00:54:41 [b] job ran
   00:54:42 [a] job ran
   00:54:42 [c] job ran
   00:54:42 [b] job ran
   00:54:42 [a] SIGTERM: exiting
   00:54:42 [b] SIGTERM: exiting
   00:54:43 [c] SIGTERM: exiting
== proof: without election the job ran three times every second ==
  second  | runs |   by    
----------+------+---------
 00:54:40 |    3 | a, b, c
 00:54:41 |    3 | a, b, c
 00:54:42 |    3 | a, b, c
(3 rows)

   check ok: without election all 3 replicas run the job, so it fires several times in the same second

1 check passed

## 2. Lease in Postgres
   concept: each replica runs one statement every second: take the scheduler row if it is expired, or extend it if it is already mine; expires_at comes from the database's now(), never a local clock; only the holder runs the job
   00:54:45 [c] started (pid 12728), lease TTL 3s, renew every 1s
   00:54:45 [a] started (pid 12726), lease TTL 3s, renew every 1s
   00:54:45 [c] acquired the lease, term 1
   00:54:45 [a] follower, c leads (term 1)
   00:54:45 [c] job ran, term 1
   00:54:45 [b] started (pid 12727), lease TTL 3s, renew every 1s
   00:54:45 [b] follower, c leads (term 1)
   00:54:46 [c] job ran, term 1
   00:54:47 [c] job ran, term 1
== proof: one lease row, one holder; expires_at is on the database clock ==
   00:54:48 [c] job ran, term 1
   name    | holder | term | renewed_at | expires_at | expires_in_s 
-----------+--------+------+------------+------------+--------------
 scheduler | c      |    1 | 00:54:48.8 | 00:54:51.8 |          2.8
(1 row)

   check ok: one lease row; its holder is the only replica that ran the job, in term 1
   check ok: expires_at is renewed_at + the 3s TTL, both from the database clock

2 checks passed
   00:54:49 [c] job ran, term 1

## 3. Leader killed (kill -9)
   concept: a dead leader cannot release anything; the followers wait until expires_at passes, so failover costs up to the TTL plus one renew interval, and the job does not run meanwhile
   00:54:50 kill -9 c (pid 12728)
   00:54:52 [b] acquired the lease, term 2; c's lease had expired 0.1s ago
   00:54:52 [b] job ran, term 2
   00:54:53 b holds the lease
   00:54:53 [a] follower, b leads (term 2)
   00:54:53 [b] job ran, term 2
   00:54:54 [b] job ran, term 2
   00:54:55 [b] job ran, term 2

## 4. Leader paused right after a renew: self-fencing
   concept: the leader freezes past its TTL; a follower takes over with a higher term; on resume, the old leader's own check (last renew sent more than a TTL ago on its monotonic clock) stops the job before any write
   00:54:56 kill -USR2 b: stop right after the next renew
   00:54:56 [b] renewed term 2, before the job's lease check: SIGSTOP now (a GC pause stand-in)
   00:55:00 [a] acquired the lease, term 3; b's lease had expired 1.0s ago
   00:55:00 [a] job ran, term 3
   00:55:01 [a] job ran, term 3
   00:55:02 kill -CONT b, after a took over
   00:55:02 [b] SIGCONT: resumed
   00:55:02 [b] self-fenced: last renew was sent 5.9s ago, past the 3s TTL, so the lease may be someone else's; job skipped
   00:55:02 [a] job ran, term 3
   00:55:03 [b] renew refused: a holds term 3; stepping down
   00:55:03 [a] job ran, term 3
   00:55:04 [a] job ran, term 3

## 5. Paused after its check: fencing tokens
   concept: the pause lands between the lease check and the write, so the check was true and the stale write goes out; ticks takes it (two leaders wrote), fenced_ticks rejects it because it has already seen a higher term
   00:55:05 [a] job ran, term 3
   00:55:06 kill -USR1 a: stop right after the next lease check
   00:55:06 [a] lease check passed for term 3, before the write: SIGSTOP now (a GC pause stand-in)
   00:55:10 [b] acquired the lease, term 4; a's lease had expired 0.9s ago
   00:55:10 [b] job ran, term 4
   00:55:11 [b] job ran, term 4
   00:55:12 kill -CONT a, after b took over
   00:55:12 [a] SIGCONT: resumed
   00:55:12 [a] job ran, term 3: ticks accepted it, fenced_ticks REJECTED it (stale fencing token: term 3 < term 4 already seen)
   00:55:12 [b] job ran, term 4
   00:55:13 [a] renew refused: b holds term 4; stepping down
   00:55:13 [b] job ran, term 4
   00:55:14 [b] job ran, term 4

## 6. Graceful handover
   concept: on SIGTERM the leader sets expires_at = now() before exiting, so a follower takes over on its next heartbeat instead of after the TTL
   00:55:15 kill -TERM b
   00:55:15 [b] job ran, term 4
   00:55:15 [b] SIGTERM: released the lease (term 4) so a follower need not wait for the TTL; exiting
   00:55:16 [a] acquired the lease, term 5; b's lease had expired 0.8s ago
   00:55:16 [a] job ran, term 5
   00:55:17 [a] job ran, term 5
   00:55:18 [a] SIGTERM: released the lease (term 5) so a follower need not wait for the TTL; exiting
== proof: one row per leader change in ticks, with the gap since the previous job run ==
 id | holder | term |     at     | gap_s 
----+--------+------+------------+-------
 10 | c      |    1 | 00:54:45.8 |      
 15 | b      |    2 | 00:54:52.9 |   3.1
 19 | a      |    3 | 00:55:00.9 |   5.0
 25 | b      |    4 | 00:55:10.8 |   4.9
 27 | a      |    3 | 00:55:12.6 |   0.8
 28 | b      |    4 | 00:55:12.8 |   0.2
 32 | a      |    5 | 00:55:16.6 |   0.8
(7 rows)

== proof: from a's last write before its pause on, ticks took the stale write, fenced_ticks did not ==
 id | holder | term |     at     
----+--------+------+------------
 24 | a      |    3 | 00:55:05.9
 25 | b      |    4 | 00:55:10.8
 26 | b      |    4 | 00:55:11.8
 27 | a      |    3 | 00:55:12.6
 28 | b      |    4 | 00:55:12.8
 29 | b      |    4 | 00:55:13.8
 30 | b      |    4 | 00:55:14.8
 31 | b      |    4 | 00:55:15.8
(8 rows)

 id | holder | term |     at     
----+--------+------+------------
 15 | a      |    3 | 00:55:05.9
 16 | b      |    4 | 00:55:10.8
 17 | b      |    4 | 00:55:11.8
 19 | b      |    4 | 00:55:12.8
 20 | b      |    4 | 00:55:13.8
 21 | b      |    4 | 00:55:14.8
 22 | b      |    4 | 00:55:15.8
(7 rows)

   resource   | max_term 
--------------+----------
 fenced_ticks |        5
(1 row)

   check ok: there is never more than one leader per term (terms 1 to 5, in ticks and in fenced_ticks)
   check ok: after kill -9 nobody ran the job until the lease expired (3.1s gap, TTL 3s)
   check ok: the leader paused after its renew wrote nothing once term 3 began (self-fenced)
   check ok: ticks took the stale term-3 write after term 4 began: two leaders wrote
   check ok: fenced_ticks never went back to a lower term: the stale write was rejected
   check ok: after SIGTERM the follower took over before the TTL (0.8s gap)
   check ok: the lease ended at term 5, and the fence has seen term 5

7 checks passed

## 7. Session lock: pg_try_advisory_lock
   concept: no row, no TTL: the lock lives exactly as long as the holder's database session; a paused holder keeps it (its session is alive), a killed one loses it at once (the kernel closes its socket)
   00:55:20 [holder] pg_try_advisory_lock(18) = true on backend 626 (pid 26484); holding it, with no lease row and no heartbeat
 locktype | objid | pid |     mode      | granted 
----------+-------+-----+---------------+---------
 advisory |    18 | 626 | ExclusiveLock | t
(1 row)

   00:55:22 [taker] pg_try_advisory_lock(18) still false after 0.0s: another session holds it
   check ok: another session holds the lock

1 check passed
   00:55:22 kill -STOP the holder (pid 26484)
   00:55:27 [taker] pg_try_advisory_lock(18) still false after 4.1s: another session holds it
   check ok: the paused holder's session still holds the lock after 4s

1 check passed
   00:55:27 kill -CONT, then kill -9 the holder
   00:55:27 [taker] pg_try_advisory_lock(18) = true on backend 678 after 0.0s
   check ok: the killed holder's lock is free at once

1 check passed
== proof: what ends a session whose client vanished without closing it (0 = off, or the OS default for keepalives) ==
          name           | setting | unit 
-------------------------+---------+------
 idle_session_timeout    | 0       | ms
 tcp_keepalives_count    | 0       | 
 tcp_keepalives_idle     | 0       | s
 tcp_keepalives_interval | 0       | s
 tcp_user_timeout        | 0       | ms
(5 rows)

tcp_keepalive_time:7200
tcp_keepalive_intvl:75
tcp_keepalive_probes:9

## 8. Behind a transaction-mode pooler
   concept: a pooler hands each transaction whichever server connection is free; two pooled connections stand in for it here
   00:55:29 [pooler] transaction 1 runs on backend 706: pg_try_advisory_lock(18) = true
   00:55:29 [pooler] server says: you don't own a lock of type ExclusiveLock
   00:55:29 [pooler] transaction 2 runs on backend 707: pg_advisory_unlock(18) = false
   00:55:29 [pooler] the lock is still held by backend 706, an idle pooled connection; it stays held until that connection closes
   check ok: an unlock that lands on another pooled connection fails, and the lock stays held by the first
   00:55:29 [pooler] pg_try_advisory_xact_lock(18) = true inside a transaction on backend 707; backend 706 meanwhile gets false
   check ok: a transaction-level lock excludes the other connection while the transaction runs
   00:55:29 [pooler] after COMMIT the xact lock is gone: backend 707 gets true; safe behind a transaction pooler, but it covers one transaction, not a leadership term
   check ok: after COMMIT the transaction-level lock is released by itself

3 checks passed
