# 26-sso run 2026-10-04T00:44:27Z
== fresh Postgres for the app (docker compose down -v && up) ==
 Container 26-sso-postgres-1 Healthy 
setup: members, role_mappings (IdP group -> app role), users (key issuer + sub), login_transactions, sessions (sha256 of the cookie)
== demo: browsers simulated with fetch and a cookie jar; the IdP and the app are separate processes ==
oidc-provider WARNING: a quick start development-only in-memory adapter is used, you MUST change it in order to not lose all stateful provider data upon restart and to be able to share these between processes
   [idp pid 17687] OpenID Provider (oidc-provider) at http://127.0.0.1:53036
   [app pid 18328] member portal (openid-client relying party) at http://localhost:53037

## 1. Discovery
   concept: the app configures itself from the IdP's metadata: endpoints, signing keys (jwks_uri), supported PKCE methods; nothing about the IdP is hard-coded but its issuer URL
   issuer: "http://127.0.0.1:53036"
   authorization_endpoint: "http://127.0.0.1:53036/auth"
   token_endpoint: "http://127.0.0.1:53036/token"
   jwks_uri: "http://127.0.0.1:53036/jwks"
   end_session_endpoint: "http://127.0.0.1:53036/session/end"
   code_challenge_methods_supported: ["S256"]
   id_token_signing_alg_values_supported: ["RS256"]

## 2. Not signed in
   concept: a protected page without a session sends the browser to /login, remembering where it was going
   alice: GET localhost:53037/me -> 302 -> localhost:53037/login?returnTo=/me

## 3. Alice signs in: authorization code flow with PKCE
   concept: the app stores state, nonce and a PKCE code_verifier server-side and sends only the state, the nonce and the S256 code_challenge; the IdP authenticates alice and redirects back with a one-time code; the app redeems the code with its client secret and the verifier, validates the ID token, and opens its own session
   alice: GET localhost:53037/login?returnTo=/me -> 302 -> 127.0.0.1:53036/auth?redirect_uri=http://localhost:53037/callback&scope=openid ema...&state=KA_qyLqPHz...&nonce=4zDSgIiQ1j...&code_challenge=MgbPuPQ-j-...&code_challenge_method=S256&client_id=member-portal&response_type=code [set-cookie: login_tx (HttpOnly)]
   alice: GET 127.0.0.1:53036/auth?redirect_uri=http://localhost:53037/callback&scope=openid ema...&state=KA_qyLqPHz...&nonce=4zDSgIiQ1j...&code_challenge=MgbPuPQ-j-...&code_challenge_method=S256&client_id=member-portal&response_type=code -> 303 -> 127.0.0.1:53036/interaction/<uid> [set-cookie: _interaction (HttpOnly), _interaction.sig (HttpOnly), _interaction_resume (HttpOnly), _interaction_resume.sig (HttpOnly)]
   alice: GET 127.0.0.1:53036/interaction/<uid> -> 200
   alice: POST 127.0.0.1:53036/interaction/<uid>/login -> 303 -> 127.0.0.1:53036/auth/<uid>
   alice: GET 127.0.0.1:53036/auth/<uid> -> 303 -> localhost:53037/callback?code=Nm0DXyUZE7...&state=KA_qyLqPHz...&iss=http://127... [set-cookie: _interaction_resume (HttpOnly), _interaction_resume.sig (HttpOnly), _session (HttpOnly), _session.sig (HttpOnly)]
   alice: GET localhost:53037/callback?code=Nm0DXyUZE7...&state=KA_qyLqPHz...&iss=http://127... -> 302 -> localhost:53037/me [set-cookie: login_tx, sid (HttpOnly)]
   alice: GET localhost:53037/me -> 200
   alice /me -> 200 {"member_no":"M0001","employer":"acme","name":"Alice Martin","address":"1 rue des Lilas, Lyon"}
   app cookie sid is opaque (43 chars), HttpOnly, SameSite=Lax; Postgres stores only its sha256. Login transactions left: 0

## 4. The ID token and what validating it means
   concept: a JWT signed by the IdP (RS256, key from jwks_uri); the app accepts it only if the signature verifies and iss, aud, exp and nonce match. Here the same checks are replayed on modified copies
   header: {"alg":"RS256","kid":"idp-key-1"}
   claims: {"iss":"http://127.0.0.1:53036","aud":"member-portal","sub":"alice","nonce":"4zDSgIiQ1j...","groups":["portal-members"],"member_no":"M0001","lifetime_s":300}
   the token as issued                                        -> valid
   groups changed to it-staff, original signature             -> rejected: signature verification failed
   presented to another app (audience other-app)              -> rejected: unexpected "aud" claim value
   presented 10 minutes later                                 -> rejected: "exp" claim timestamp check failed

## 5. Single sign-on
   concept: the app session is gone (cookie expired, or another app on the same IdP), but alice still has a session at the IdP: the IdP answers the authorization request with a code at once, no password asked
   alice: GET localhost:53037/login?returnTo=/me -> 302 -> 127.0.0.1:53036/auth?redirect_uri=http://localhost:53037/callback&scope=openid ema...&state=QBIF7HZhTa...&nonce=vTZBjJt8bm...&code_challenge=LLwo5GnVWY...&code_challenge_method=S256&client_id=member-portal&response_type=code [set-cookie: login_tx (HttpOnly)]
   alice: GET 127.0.0.1:53036/auth?redirect_uri=http://localhost:53037/callback&scope=openid ema...&state=QBIF7HZhTa...&nonce=vTZBjJt8bm...&code_challenge=LLwo5GnVWY...&code_challenge_method=S256&client_id=member-portal&response_type=code -> 303 -> localhost:53037/callback?code=wV5nhd2uaK...&state=QBIF7HZhTa...&iss=http://127... [set-cookie: _session (HttpOnly), _session.sig (HttpOnly)]
   alice: GET localhost:53037/callback?code=wV5nhd2uaK...&state=QBIF7HZhTa...&iss=http://127... -> 302 -> localhost:53037/me [set-cookie: login_tx, sid (HttpOnly)]
   alice: GET localhost:53037/me -> 200
   password asked: false

## 6. Roles from a claim, checked on every route
   concept: the IdP says which groups a user is in; role_mappings in Postgres turns groups into app roles (member, employer-admin of one employer, staff). Signed in but no mapped role is 403, not a login loop
   alice GET /me                        -> 200 {"member_no":"M0001","employer":"acme","name":"Alice Martin","address":"1 rue des Lilas, Lyon"}
   alice GET /employers/acme/members    -> 403 {"error":"forbidden","need":["employer-admin","staff"],"have":["member"],"groups":["portal-members"]}
   alice GET /employers/globex/members  -> 403 {"error":"forbidden","need":["employer-admin","staff"],"have":["member"],"groups":["portal-members"]}
   alice GET /admin/users               -> 403 {"error":"forbidden","need":["staff"],"have":["member"],"groups":["portal-members"]}
   bob   GET /me                        -> 403 {"error":"forbidden","need":["member"],"have":["employer-admin"],"groups":["acme-hr"]}
   bob   GET /employers/acme/members    -> 200 [{"member_no":"M0001","name":"Alice Martin"},{"member_no":"M0002","name":"Erin Laurent"}]
   bob   GET /employers/globex/members  -> 403 {"error":"forbidden","detail":"employer-admin of acme cannot read globex"}
   bob   GET /admin/users               -> 403 {"error":"forbidden","need":["staff"],"have":["employer-admin"],"groups":["acme-hr"]}
   carol GET /me                        -> 403 {"error":"forbidden","need":["member"],"have":["staff"],"groups":["it-staff"]}
   carol GET /employers/acme/members    -> 200 [{"member_no":"M0001","name":"Alice Martin"},{"member_no":"M0002","name":"Erin Laurent"}]
   carol GET /employers/globex/members  -> 200 [{"member_no":"M0003","name":"Frank Girard"}]
   carol GET /admin/users               -> 200 [{"sub":"alice","groups":["portal-members"],"roles":["member"]},{"sub":"bob","groups":["acme-hr"],"roles":["employer-admin:acme"]},{"sub":"carol","gro
   dave  GET /me                        -> 403 {"error":"forbidden","need":["member"],"have":[],"groups":["marketing"]}
   dave  GET /employers/acme/members    -> 403 {"error":"forbidden","need":["employer-admin","staff"],"have":[],"groups":["marketing"]}
   dave  GET /employers/globex/members  -> 403 {"error":"forbidden","need":["employer-admin","staff"],"have":[],"groups":["marketing"]}
   dave  GET /admin/users               -> 403 {"error":"forbidden","need":["staff"],"have":[],"groups":["marketing"]}

## 7. Rejected logins
   concept: each check stops a specific attack: state binds the callback to the browser that started the login (login CSRF), the login transaction and the code are single-use (replay), PKCE makes an intercepted code useless without the verifier, the nonce binds the ID token to this login (token injection), returnTo must resolve to this app (open redirect)
   a) the callback carries a state the app did not issue (an attacker's callback link)
   alice-2: GET localhost:53037/callback?code=hFnMYZ3oqR...&state=forged-state&iss=http://127... -> 400 [set-cookie: login_tx]
     state -> {"error":"login rejected","detail":"invalid response encountered: unexpected \"state\" response parameter value"}
   b) the genuine callback, then the same URL again (a replay from history or a log)
   alice-2: GET localhost:53037/callback?code=EZ4Hl-QPUt...&state=-uhfkdWpt_...&iss=http://127... -> 302 -> localhost:53037/me [set-cookie: login_tx, sid (HttpOnly)]
   alice-2: GET localhost:53037/me -> 200
   alice-2: GET localhost:53037/callback?code=EZ4Hl-QPUt...&state=-uhfkdWpt_...&iss=http://127... -> 400 [set-cookie: login_tx]
     replay -> {"error":"no login in progress in this browser (expired, already used, or started elsewhere)"}
     the same code redeemed again at the token endpoint, with the client secret and the right verifier -> 400 {"error":"invalid_grant","error_description":"grant request is invalid"}
   c) an intercepted code, redeemed by someone who has the client secret but not the verifier
     without code_verifier -> 400 {"error":"invalid_grant","error_description":"grant request is invalid"}
     with a guessed code_verifier -> 400 {"error":"invalid_grant","error_description":"grant request is invalid"}
   alice-2: GET localhost:53037/callback?code=spTAmv2uwh...&state=SIduR_TBj-...&iss=http://127... -> 302 -> localhost:53037/me [set-cookie: login_tx, sid (HttpOnly)]
   alice-2: GET localhost:53037/me -> 200
   d) the authorization request is altered to carry another nonce (an ID token minted for another login)
   alice-2: GET localhost:53037/login?returnTo=/me -> 302 -> 127.0.0.1:53036/auth?redirect_uri=http://localhost:53037/callback&scope=openid ema...&state=o4Hvo3pl54...&nonce=o88aBGQKF0...&code_challenge=zBSkoXLkJz...&code_challenge_method=S256&client_id=member-portal&response_type=code [set-cookie: login_tx (HttpOnly)]
   alice-2: GET 127.0.0.1:53036/auth?redirect_uri=http://localhost:53037/callback&scope=openid ema...&state=o4Hvo3pl54...&nonce=attacker-nonce&code_challenge=zBSkoXLkJz...&code_challenge_method=S256&client_id=member-portal&response_type=code -> 303 -> localhost:53037/callback?code=oHgCBH60-S...&state=o4Hvo3pl54...&iss=http://127... [set-cookie: _session (HttpOnly), _session.sig (HttpOnly)]
   alice-2: GET localhost:53037/callback?code=oHgCBH60-S...&state=o4Hvo3pl54...&iss=http://127... -> 400 [set-cookie: login_tx]
     nonce -> {"error":"login rejected","detail":"unexpected JWT claim value encountered: unexpected ID Token \"nonce\" claim value"}
   e) a login link whose returnTo points to another site (the login used as an open redirect); alice's browser, already signed in at the IdP
     returnTo=/\evil.example    -> signed in, lands on http://localhost:53037/
     returnTo=//evil.example    -> signed in, lands on http://localhost:53037/
     returnTo=/.//evil.example  -> signed in, lands on http://localhost:53037/

## 8. Logout
   concept: the app deletes its session row and sends the browser to the IdP's end_session_endpoint with id_token_hint; the IdP ends its own session (after a confirmation form) and returns to post_logout_redirect_uri
   alice: POST localhost:53037/logout -> 303 -> 127.0.0.1:53036/session/end?id_token_hint=eyJhbGciOi...&post_logout_redirect_uri=http://localhost:53037/logged-out&client_id=member-portal [set-cookie: sid]
   alice: GET 127.0.0.1:53036/session/end?id_token_hint=eyJhbGciOi...&post_logout_redirect_uri=http://localhost:53037/logged-out&client_id=member-portal -> 200 [set-cookie: _session (HttpOnly), _session.sig (HttpOnly)]
   alice: POST 127.0.0.1:53036/session/end/confirm -> 303 -> localhost:53037/logged-out [set-cookie: _session (HttpOnly), _session.sig (HttpOnly)]
   alice: GET localhost:53037/logged-out -> 200
   the old sid cookie replayed: GET /me -> 302 /login?returnTo=%2Fme
   signing in again: password asked: true

== proof: users. Provisioned on first login, keyed by (issuer, sub), groups copied from the ID token ==
 id |         issuer         |  sub  |        email         | member_no |      groups      | logged_in_again 
----+------------------------+-------+----------------------+-----------+------------------+-----------------
  1 | http://127.0.0.1:53036 | alice | alice@acme.example   | M0001     | {portal-members} | t
  3 | http://127.0.0.1:53036 | bob   | bob@acme.example     |           | {acme-hr}        | f
  4 | http://127.0.0.1:53036 | carol | carol@portal.example |           | {it-staff}       | f
  5 | http://127.0.0.1:53036 | dave  | dave@acme.example    |           | {marketing}      | f
(4 rows)

== proof: role_mappings joined to users. dave's group maps to nothing ==
  sub  |   idp_group    |      role      | employer 
-------+----------------+----------------+----------
 alice | portal-members | member         | 
 bob   | acme-hr        | employer-admin | acme
 carol | it-staff       | staff          | 
 dave  | marketing      |                | 
(4 rows)

== proof: sessions. Only the sha256 of each cookie. alice has three: step 3's (her browser dropped the cookie in step 5; the row expires on its own), the alice-2 browser's, and the one after signing in again; the one she logged out of is gone ==
     id_hash      |  sub  | lifetime | id_token_bytes 
------------------+-------+----------+----------------
 1bb25c52f0278777 | alice | 08:00:00 |            728
 c0ffbb9ef92c4bcf | bob   | 08:00:00 |            684
 35aee5edb429a5e4 | carol | 08:00:00 |            695
 dabb5ed90d5e33e2 | dave  | 08:00:00 |            691
 1cd70c83326f2b08 | alice | 08:00:00 |            728
 0e1ff048be021526 | alice | 08:00:00 |            728
(6 rows)

== proof: login_transactions. Every one was consumed by its callback (none left behind) ==
 left_behind 
-------------
           0
(1 row)

== screenshots: a real sign-in in Chromium (IdP and app started again in the background) ==
screenshots/idp-sign-in.png 6292 bytes
screenshots/signed-in-me.png 7748 bytes
screenshots/signed-in-roles.png 6648 bytes
