# 27-import run 2026-10-02T17:10:29Z
== fresh Postgres (docker compose down -v && up) ==
 Container 27-import-postgres-1 Healthy 
setup: employers, members (key employer + member_no), contributions (key employer + member_no + period), import_batches, import_rejects, naive_contributions (no key)
== demo: monthly files from employers in data/, a naive import then a staged one ==

## 1. Naive import, run twice
   concept: row-by-row INSERT with no natural key: a rerun (a retry after a timeout, an operator running the job again) appends the same rows again
   run 1: inserted 6 -> naive_contributions has 6 rows, total 1500.75
   run 2: inserted 6 -> naive_contributions has 12 rows, total 3001.50

## 2. Naive import, a bad row in the middle
   concept: each INSERT commits on its own, so the run stops at the bad row with the rows before it applied; resending the corrected file duplicates those
   acme-2026-09-contributions.csv: inserted 2, then line 4: invalid input syntax for type numeric: "18O.00"
   naive_contributions: 2 rows (half-applied), total 560.50
   corrected file resent: inserted 6 -> 8 rows, total 1736.00 (the file says 1175.50); duplicated: M0001 x2, M0002 x2

## 3. First load: COPY into staging, validate, upsert on the natural key, one transaction
   concept: COPY streams the file into a TEMP staging table of text columns (HEADER match checks the column names); rules run in SQL and write rejects; valid rows are upserted on (employer, member_no[, period]); the batch row and the data commit together
   acme-2026-08-members.csv [sha256 9c01b120571a] -> APPLIED batch 1
     rows: declared 6, received 6, rejected 0
     diff: new 6 ["M0001","M0002","M0003","M0004","M0005","M0006"], changed 0, unchanged 0, missing 0 []
     upsert: inserted 6, updated 0
   acme-2026-08-contributions.csv [sha256 0e8f87ee05b7] -> APPLIED batch 2
     rows: declared 6, received 6, rejected 0
     diff: new 6 ["M0001/2026-08","M0002/2026-08","M0003/2026-08","M0004/2026-08","M0005/2026-08","M0006/2026-08"], changed 0, unchanged 0, missing 0 []
     control total: declared 1500.75, amounts that parse 1500.75 (accepted 1500.75 + rejected 0)
     upsert: inserted 6, updated 0

## 4. Dry run of the September members file
   concept: the same code path in a transaction that is rolled back: it prints the rejects and the diff (new / changed / unchanged / missing) and writes nothing
   acme-2026-09-members.csv [sha256 c1f47ccd29c0] -> DRY RUN (rolled back)
     rows: declared 6, received 6, rejected 1
     reject line 5 [birth_date] birth_date '1987-02-30' is not a YYYY-MM-DD date
     diff: new 1 ["M0007"], changed 1, unchanged 3, missing 1 ["M0004"]
       changed M0001 email: alice@acme.example -> alice.martin@acme.example
     upsert: inserted 1, updated 1
   members after the dry run: 6 rows, M0001 email still alice@acme.example; batches applied: 2

## 5. Apply September: members, then contributions
   concept: valid rows go in, each rejected line gets one row per broken rule with a reason the employer can act on; a missing member is reported, not deleted
   acme-2026-09-members.csv [sha256 c1f47ccd29c0] -> APPLIED batch 4
     rows: declared 6, received 6, rejected 1
     reject line 5 [birth_date] birth_date '1987-02-30' is not a YYYY-MM-DD date
     diff: new 1 ["M0007"], changed 1, unchanged 3, missing 1 ["M0004"]
       changed M0001 email: alice@acme.example -> alice.martin@acme.example
     upsert: inserted 1, updated 1
   acme-2026-09-contributions.csv [sha256 add34e1f776c] -> APPLIED batch 5
     rows: declared 8, received 8, rejected 3
     reject line 4 [amount_type] amount '18O.00' is not a number
     reject line 8 [amount_sign] amount -120.00 is negative: corrections are sent as a corrected file, not a negative line
     reject line 8 [member] member M0009 is unknown for acme: send the members file first
     reject line 8 [period] period '2026-08' is not the file period 2026-09
     reject line 9 [duplicate] duplicate key, first seen on line 6
     diff: new 5 ["M0001/2026-09","M0002/2026-09","M0005/2026-09","M0006/2026-09","M0007/2026-09"], changed 0, unchanged 0, missing 0 []
     control total: declared 1075.50, amounts that parse 1075.50 (accepted 995.50 + rejected 80.00); 1 amount(s) not a number, counted on neither side
     upsert: inserted 5, updated 0

## 6. The same file again, and the same bytes under another name
   concept: the batch records the file's sha256 and a partial unique index allows one applied batch per hash, so a rerun is a no-op whatever the file is called
   acme-2026-09-contributions.csv [sha256 add34e1f776c] -> ALREADY APPLIED batch 5: same bytes as batch 5 (acme-2026-09-contributions.csv)
   acme-2026-09-contributions-resent.csv [sha256 add34e1f776c] -> ALREADY APPLIED batch 5: same bytes as batch 5 (acme-2026-09-contributions.csv)

## 7. The employer sends the corrected full month
   concept: the upsert is idempotent: lines that did not change are counted unchanged and not rewritten, the corrected line is inserted, nothing is duplicated
   acme-2026-09-contributions-v2.csv [sha256 80ebe2eca757] -> APPLIED batch 8
     rows: declared 6, received 6, rejected 0
     diff: new 1 ["M0003/2026-09"], changed 0, unchanged 5, missing 0 []
     control total: declared 1175.50, amounts that parse 1175.50 (accepted 1175.50 + rejected 0)
     upsert: inserted 1, updated 0

## 8. Files refused as a whole
   concept: a file is applied whole-or-not when its shape is wrong: wrong columns (COPY HEADER match), fewer rows than the control file declares, more than 50% of rows rejected, or a control total the amounts that parse do not add up to; the refused batch keeps its rejects
   initech-2026-09-contributions.csv [sha256 c932638267eb] -> REFUSED batch 10: COPY refused the file: column name mismatch in header line field 3: got "amount", expected "period"
   initech-2026-09-members.csv [sha256 9fc5704c1045] -> REFUSED batch 12: control count: the .ctl declares 5 rows, the file has 3 (truncated or padded file)
     rows: declared 5, received 3, rejected 0
   globex-2026-09-contributions.csv [sha256 59add450c029] -> REFUSED batch 14: 3 of 3 rows rejected, over the 50% threshold: nothing applied
     rows: declared 3, received 3, rejected 3
     reject line 2 [member] member M1001 is unknown for globex: send the members file first
     reject line 3 [member] member M1002 is unknown for globex: send the members file first
     reject line 4 [member] member M1003 is unknown for globex: send the members file first
   acme-2026-10-contributions.csv [sha256 a2e669c007ff] -> REFUSED batch 16: control total: the .ctl declares 1175.50, the amounts that parse add up to 1035.50 (1 amount(s) not a number: the total cannot be verified)
     rows: declared 6, received 6, rejected 1
     reject line 5 [amount_type] amount '14O.00' is not a number
     diff: new 5 ["M0001/2026-10","M0002/2026-10","M0003/2026-10","M0006/2026-10","M0007/2026-10"], changed 0, unchanged 0, missing 0 []
     control total: declared 1175.50, amounts that parse 1035.50 (accepted 1035.50 + rejected 0); 1 amount(s) not a number, counted on neither side
   rejects stored for the refused batches: batch 14: 3, batch 16: 1

## 9. Reconciliation
   concept: only batches write contributions, by insert or update, never delete; so per employer and month the rows equal what every applied batch inserted, and the sum equals the sum of each batch's net change (new minus old amount over the rows it wrote), whether a file was the full month or a few corrected lines
   acme 2026-08: batch 2 inserted 6 = 6 rows, net 1500.75 = 1500.75; contributions has 6 rows / 1500.75 -> reconciled
   acme 2026-09: batch 5 + 8 inserted 5 + 1 = 6 rows, net 995.50 + 180.00 = 1175.50; contributions has 6 rows / 1175.50 -> reconciled
   every contribution: last_batch_id is an applied contributions batch of the same employer and month
   every applied batch: rows received = accepted + rejected

== proof: import_batches. One applied batch per file hash; refused files are recorded with the reason. Ids have gaps: a rolled-back or skipped INSERT still uses a sequence value ==
 id |             file_name             |    sha256    | status  | declared | received | accepted | rejected | inserted | updated | unchanged | missing | amount_declared | amount_accepted | amount_rejected | amount_net 
----+-----------------------------------+--------------+---------+----------+----------+----------+----------+----------+---------+-----------+---------+-----------------+-----------------+-----------------+------------
  1 | acme-2026-08-members.csv          | 9c01b120571a | applied |        6 |        6 |        6 |        0 |        6 |       0 |         0 |       0 |                 |                 |                 |           
  2 | acme-2026-08-contributions.csv    | 0e8f87ee05b7 | applied |        6 |        6 |        6 |        0 |        6 |       0 |         0 |       0 |         1500.75 |         1500.75 |            0.00 |    1500.75
  4 | acme-2026-09-members.csv          | c1f47ccd29c0 | applied |        6 |        6 |        5 |        1 |        1 |       1 |         3 |       1 |                 |                 |                 |           
  5 | acme-2026-09-contributions.csv    | add34e1f776c | applied |        8 |        8 |        5 |        3 |        5 |       0 |         0 |       0 |         1075.50 |          995.50 |           80.00 |     995.50
  8 | acme-2026-09-contributions-v2.csv | 80ebe2eca757 | applied |        6 |        6 |        6 |        0 |        1 |       0 |         5 |       0 |         1175.50 |         1175.50 |            0.00 |     180.00
 10 | initech-2026-09-contributions.csv | c932638267eb | refused |        1 |          |          |        0 |          |         |           |         |          150.00 |                 |                 |           
 12 | initech-2026-09-members.csv       | 9fc5704c1045 | refused |        5 |        3 |          |        0 |          |         |           |         |                 |                 |                 |           
 14 | globex-2026-09-contributions.csv  | 59add450c029 | refused |        3 |        3 |          |        3 |          |         |           |         |          985.00 |                 |                 |           
 16 | acme-2026-10-contributions.csv    | a2e669c007ff | refused |        6 |        6 |          |        1 |          |         |           |         |         1175.50 |                 |                 |           
(9 rows)

 id |                                                                   reason                                                                    
----+---------------------------------------------------------------------------------------------------------------------------------------------
 10 | COPY refused the file: column name mismatch in header line field 3: got "amount", expected "period"
 12 | control count: the .ctl declares 5 rows, the file has 3 (truncated or padded file)
 14 | 3 of 3 rows rejected, over the 50% threshold: nothing applied
 16 | control total: the .ctl declares 1175.50, the amounts that parse add up to 1035.50 (1 amount(s) not a number: the total cannot be verified)
(4 rows)

== proof: import_rejects. One row per broken rule, with the raw line; refused batches keep theirs ==
 batch_id | line_no |    rule     |                                          detail                                           |                                                                       raw                                                                        
----------+---------+-------------+-------------------------------------------------------------------------------------------+--------------------------------------------------------------------------------------------------------------------------------------------------
        4 |       5 | birth_date  | birth_date '1987-02-30' is not a YYYY-MM-DD date                                          | {"email": "eve@acme.example", "employer": "acme", "last_name": "Laurent", "member_no": "M0005", "birth_date": "1987-02-30", "first_name": "Eve"}
        5 |       4 | amount_type | amount '18O.00' is not a number                                                           | {"amount": "18O.00", "period": "2026-09", "employer": "acme", "member_no": "M0003"}
        5 |       8 | amount_sign | amount -120.00 is negative: corrections are sent as a corrected file, not a negative line | {"amount": "-120.00", "period": "2026-08", "employer": "acme", "member_no": "M0009"}
        5 |       8 | member      | member M0009 is unknown for acme: send the members file first                             | {"amount": "-120.00", "period": "2026-08", "employer": "acme", "member_no": "M0009"}
        5 |       8 | period      | period '2026-08' is not the file period 2026-09                                           | {"amount": "-120.00", "period": "2026-08", "employer": "acme", "member_no": "M0009"}
        5 |       9 | duplicate   | duplicate key, first seen on line 6                                                       | {"amount": "200.00", "period": "2026-09", "employer": "acme", "member_no": "M0006"}
       14 |       2 | member      | member M1001 is unknown for globex: send the members file first                           | {"amount": "300.00", "period": "2026-09", "employer": "globex", "member_no": "M1001"}
       14 |       3 | member      | member M1002 is unknown for globex: send the members file first                           | {"amount": "275.00", "period": "2026-09", "employer": "globex", "member_no": "M1002"}
       14 |       4 | member      | member M1003 is unknown for globex: send the members file first                           | {"amount": "410.00", "period": "2026-09", "employer": "globex", "member_no": "M1003"}
       16 |       5 | amount_type | amount '14O.00' is not a number                                                           | {"amount": "14O.00", "period": "2026-10", "employer": "acme", "member_no": "M0005"}
(10 rows)

== proof: members. M0001 updated and M0007 inserted by batch 4, M0004 (missing from September) kept, M0005 kept its August row ==
 employer | member_no | first_name | last_name |           email           | birth_date | last_batch_id 
----------+-----------+------------+-----------+---------------------------+------------+---------------
 acme     | M0001     | Alice      | Martin    | alice.martin@acme.example | 1980-04-12 |             4
 acme     | M0002     | Bob        | Durand    | bob@acme.example          | 1975-11-03 |             1
 acme     | M0003     | Carol      | Petit     | carol@acme.example        | 1990-01-30 |             1
 acme     | M0004     | Dan        | Moreau    | dan@acme.example          | 1968-07-21 |             1
 acme     | M0005     | Eve        | Laurent   | eve@acme.example          | 1987-09-09 |             1
 acme     | M0006     | Frank      | Girard    | frank@acme.example        | 1979-02-14 |             1
 acme     | M0007     | Grace      | Roux      | grace@acme.example        | 1996-06-01 |             4
(7 rows)

== proof: contributions per month. No duplicates: the primary key is the natural key ==
 employer | period  | rows |  total  |                                                      detail                                                      
----------+---------+------+---------+------------------------------------------------------------------------------------------------------------------
 acme     | 2026-08 |    6 | 1500.75 | M0001=250.00 (b2), M0002=310.50 (b2), M0003=180.00 (b2), M0004=420.25 (b2), M0005=140.00 (b2), M0006=200.00 (b2)
 acme     | 2026-09 |    6 | 1175.50 | M0001=250.00 (b5), M0002=310.50 (b5), M0003=180.00 (b8), M0005=140.00 (b5), M0006=200.00 (b5), M0007=95.00 (b5)
(2 rows)

== proof: naive_contributions after the half-applied run and the resend ==
 member_no | period  | copies | total  
-----------+---------+--------+--------
 M0001     | 2026-09 |      2 | 500.00
 M0002     | 2026-09 |      2 | 621.00
 M0003     | 2026-09 |      1 | 180.00
 M0005     | 2026-09 |      1 | 140.00
 M0006     | 2026-09 |      1 | 200.00
 M0007     | 2026-09 |      1 |  95.00
(6 rows)

