# 30-pipeline run 2026-10-02T16:08:07Z
== fresh state: no pipeline state, cache, artifacts or deployments ==
node v22.22.0, gitlab-ci-local 4.76.0, shell executor (no Docker images)
== demo: .gitlab-ci.yml run locally by gitlab-ci-local, one copy of the project per job ==

## 1. A push to a branch
   concept: the pipeline is code in .gitlab-ci.yml; rules decide which jobs a pipeline gets. A push runs every check and the build, never the deploy, and the audit only warns there
   lint       stage lint       allow_failure false
   typecheck  stage typecheck  allow_failure false
   unit       stage test       allow_failure false
   a11y       stage test       allow_failure false
   audit      stage audit      allow_failure true
   build      stage build      allow_failure false

## 2. Scheduled releases
   concept: deploy only exists in a pipeline started by a schedule (cron in GitLab, e.g. Tuesdays 06:00) or by a release tag vX.Y.Z; there the audit blocks
   schedule    jobs: lint, typecheck, unit, a11y, audit, build, deploy; audit allow_failure false
   tag v1.4.0  jobs: lint, typecheck, unit, a11y, audit, build, deploy; audit allow_failure false
   tag rc-1    jobs: lint, typecheck, unit, a11y, audit, build; audit allow_failure false

## 3. A lint error fails the pipeline
   concept: stages run in order and a failed job stops the later stages; tsc accepts this file, eslint does not (any, unused variable, ==)
   lint      $ npm run lint
   lint      > .gitlab-ci-local/builds/lint/src/oops.ts
   lint      >   1:30  error  Unexpected any. Specify a different type     @typescript-eslint/no-explicit-any
   lint      >   2:9   error  'unused' is assigned a value but never used  @typescript-eslint/no-unused-vars
   lint      >   3:14  error  Expected '===' and instead saw '=='          eqeqeq
   lint      > ✖ 3 problems (3 errors, 0 warnings)
    FAIL  lint
   lint      finished in 6.07 s  FAIL 1
   pipeline finished in 7.51 s

## 4. The fix: the same pipeline passes
   concept: each job runs in its own copy of the project (shell isolation), restores the npm cache keyed on package-lock.json, and hands its files to later jobs as artifacts
   lint      > added 182 packages in 5s
   lint      $ npm run lint
   lint      cache created in '.gitlab-ci-local/cache/0_package-lock-19dce0d6a8dcbaaba9ae788ddfc8a76f1c7ad8d4' in 270 ms
   typecheck imported cache '0_package-lock-19dce0d6a8dcbaaba9ae788ddfc8a76f1c7ad8d4' in 186 ms
   typecheck > added 182 packages in 3s
   typecheck $ npm run typecheck
   typecheck cache created in '.gitlab-ci-local/cache/0_package-lock-19dce0d6a8dcbaaba9ae788ddfc8a76f1c7ad8d4' in 84 ms
   unit      imported cache '0_package-lock-19dce0d6a8dcbaaba9ae788ddfc8a76f1c7ad8d4' in 352 ms
   a11y      imported cache '0_package-lock-19dce0d6a8dcbaaba9ae788ddfc8a76f1c7ad8d4' in 676 ms
   unit      > added 182 packages in 4s
   unit      $ npx vitest run --reporter=default --reporter=junit --outputFile.junit=reports/junit.xml
   a11y      > added 182 packages in 4s
   a11y      $ npm run a11y
   unit      >       Tests  4 passed (4)
   unit      > JUNIT report written to .gitlab-ci-local/builds/unit/reports/junit.xml
   unit      cache created in '.gitlab-ci-local/cache/0_package-lock-19dce0d6a8dcbaaba9ae788ddfc8a76f1c7ad8d4' in 79 ms
   unit      exported artifacts in 62 ms
   a11y      > axe-core 4.13.0 on the statement page: 7 rules passed, 0 violated
   a11y      cache created in '.gitlab-ci-local/cache/0_package-lock-19dce0d6a8dcbaaba9ae788ddfc8a76f1c7ad8d4' in 101 ms
   a11y      exported artifacts in 70 ms
   audit     imported cache '0_package-lock-19dce0d6a8dcbaaba9ae788ddfc8a76f1c7ad8d4' in 255 ms
   audit     > added 182 packages in 3s
   audit     $ npm run audit
   audit     > found 0 vulnerabilities
   audit     cache created in '.gitlab-ci-local/cache/0_package-lock-19dce0d6a8dcbaaba9ae788ddfc8a76f1c7ad8d4' in 81 ms
   build     imported cache '0_package-lock-19dce0d6a8dcbaaba9ae788ddfc8a76f1c7ad8d4' in 424 ms
   build     > added 182 packages in 3s
   build     $ npm run build
   build     cache created in '.gitlab-ci-local/cache/0_package-lock-19dce0d6a8dcbaaba9ae788ddfc8a76f1c7ad8d4' in 84 ms
   build     exported artifacts in 62 ms
    PASS  lint
    PASS  typecheck
    PASS  unit
    PASS  a11y
    PASS  audit
    PASS  build
   pipeline finished in 32 s

## 5. A scheduled pipeline deploys
   concept: the deploy job needs build (it downloads dist/ from it), runs in the production environment, one at a time (resource_group), and switches a symlink so the release goes live atomically
   deploy    $ RELEASE="${CI_COMMIT_TAG:-scheduled-$CI_COMMIT_SHORT_SHA-$CI_PIPELINE_ID}"
   deploy    $ mkdir -p "$DEPLOY_DIR/releases/$RELEASE"
   deploy    $ cp -r dist/. "$DEPLOY_DIR/releases/$RELEASE/"
   deploy    $ echo '{"type":"module"}' > "$DEPLOY_DIR/releases/$RELEASE/package.json"
   deploy    $ printf '{"release":"%s","commit":"%s","source":"%s"}\n' "$RELEASE" "$CI_COMMIT_SHA" "$CI_PIPELINE_SOURCE" > "$DEPLOY_DIR/releases/$RELEASE/release.json"
   deploy    $ ln -sfn "releases/$RELEASE" "$DEPLOY_DIR/current.tmp" && mv -T "$DEPLOY_DIR/current.tmp" "$DEPLOY_DIR/current"
   deploy    $ node -e "import('$DEPLOY_DIR/current/page.js').then((m) => { if (!m.statementPage('smoke', 2026, []).includes('<html lang=\"en\">')) process.exit(1); console.log('smoke ok') })"
   deploy    > smoke ok
   deploy    $ echo "deployed $RELEASE to $DEPLOY_DIR/current"
   deploy    > deployed scheduled-297ddab1-1002 to .deploy/current
    PASS  lint
    PASS  typecheck
    PASS  unit
    PASS  a11y
    PASS  audit
    PASS  build
    PASS  deploy
   pipeline finished in 50 s
   .deploy/current -> releases/scheduled-297ddab1-1002

## 6. A release tag deploys too, and the previous release stays for rollback
   concept: gitlab-ci-local --needs deploy runs deploy and what it depends on (build, which has no needs:, so every earlier stage); rolling back is pointing current at the previous release
   deploy > smoke ok
   deploy > deployed v1.4.0 to .deploy/current
    PASS  lint
    PASS  typecheck
    PASS  unit
    PASS  a11y
    PASS  audit
    PASS  build
    PASS  deploy
   pipeline finished in 52 s
   current -> releases/v1.4.0, release.json {"release":"v1.4.0","commit":"297ddab1b3b52766b565af7d1bf1ec344a175371","source":"push"}; previous releases/scheduled-297ddab1-1002 still on disk: true

## 7. The same pipeline on GitHub Actions
   concept: github-actions/ci.yml (not under .github/, so it does not run here) has the same jobs and commands; stages become needs, rules become if, resource_group becomes concurrency
   job        gitlab stage  github needs  commands
   lint       lint                        npm run lint
   typecheck  typecheck     lint          npm run typecheck
   unit       test          typecheck     npx vitest run
   a11y       test          typecheck     npm run a11y
   audit      audit         unit, a11y    npm run audit
   build      build         audit         npm run build
   deploy     deploy        build         cp -r dist, ln -sfn
   deploy when, gitlab: [{"if":"$CI_PIPELINE_SOURCE == \"schedule\""},{"if":"$CI_COMMIT_TAG =~ /^v\\d+\\.\\d+\\.\\d+$/"}]
   deploy when, github: github.event_name == 'schedule' || startsWith(github.ref, 'refs/tags/v')

== proof: the unit job's JUnit artifact (GitLab shows it in the merge request) ==
<?xml version="1.0" encoding="UTF-8" ?>
<testsuites name="vitest tests" tests="4" failures="0" errors="0" time="0.030606005">
    <testsuite name="src/statement.test.ts" timestamp="2026-10-02T16:10:26.743Z" hostname="vm" tests="4" failures="0" errors="0" skipped="0" time="0.030606005">
        <testcase classname="src/statement.test.ts" name="annualTotalCents &gt; sums only the requested year" time="0.002537822">
        </testcase>
        <testcase classname="src/statement.test.ts" name="annualTotalCents &gt; is zero for a year without contributions" time="0.000453352">
        </testcase>
        <testcase classname="src/statement.test.ts" name="formatEuros &gt; formats in English" time="0.024660077">
        </testcase>
        <testcase classname="src/statement.test.ts" name="formatEuros &gt; formats in French" time="0.000572519">
        </testcase>
    </testsuite>
</testsuites>
== proof: deployments (one directory per release, current is a symlink) ==
.deploy:
total 4
lrwxrwxrwx 1 root root   15 Oct  2 16:10 current -> releases/v1.4.0
drwxr-xr-x 4 root root 4096 Oct  2 16:10 releases

.deploy/releases:
total 8
drwxr-xr-x 2 root root 4096 Oct  2 16:09 scheduled-297ddab1-1002
drwxr-xr-x 2 root root 4096 Oct  2 16:10 v1.4.0
.deploy/releases/scheduled-297ddab1-1002: {"release":"scheduled-297ddab1-1002","commit":"297ddab1b3b52766b565af7d1bf1ec344a175371","source":"schedule"}
.deploy/releases/v1.4.0: {"release":"v1.4.0","commit":"297ddab1b3b52766b565af7d1bf1ec344a175371","source":"push"}
== proof: the deploy job's own log, as gitlab-ci-local recorded it ==
$ RELEASE="${CI_COMMIT_TAG:-scheduled-$CI_COMMIT_SHORT_SHA-$CI_PIPELINE_ID}"
$ mkdir -p "$DEPLOY_DIR/releases/$RELEASE"
$ cp -r dist/. "$DEPLOY_DIR/releases/$RELEASE/"
$ echo '{"type":"module"}' > "$DEPLOY_DIR/releases/$RELEASE/package.json"
$ printf '{"release":"%s","commit":"%s","source":"%s"}\n' "$RELEASE" "$CI_COMMIT_SHA" "$CI_PIPELINE_SOURCE" > "$DEPLOY_DIR/releases/$RELEASE/release.json"
$ ln -sfn "releases/$RELEASE" "$DEPLOY_DIR/current.tmp" && mv -T "$DEPLOY_DIR/current.tmp" "$DEPLOY_DIR/current"
$ node -e "import('$DEPLOY_DIR/current/page.js').then((m) => { if (!m.statementPage('smoke', 2026, []).includes('<html lang=\"en\">')) process.exit(1); console.log('smoke ok') })"
smoke ok
$ echo "deployed $RELEASE to $DEPLOY_DIR/current"
deployed v1.4.0 to .deploy/current
