# 37-authorization run 2026-10-04T05:54:01Z
== fresh Postgres (docker compose down -v && up) ==
 Container 37-authorization-postgres-1 Healthy 
setup: 8 users, 4 members (Acme, Globex, Initech), 2 contributions and 1 audit entry each
setup: RLS on members, contributions, change_requests, audit_log; 8 policies: audit_log_read (SELECT), change_request_approve (UPDATE), change_request_create (INSERT), change_request_read (SELECT), contribution_create (INSERT), contribution_read (SELECT), member_read (SELECT), member_update (UPDATE)
== demo: the sprinkled app, one policy, the matrix, the policy app, RLS cell by cell, the bug only RLS catches (HTTP on :53047) ==

## 1. Before: role checks sprinkled in handlers
   concept: each handler decides on its own, by role, in its own words; the database checks nothing (the app connects as the table owner)
   src/sprinkled.ts: 8 routes, 10 lines comparing user.role, 1 route with no check at all
   sprinkled app: 63 requests, one per matrix cell; 56 answered as the policy says, 7 did not
     WRONG ana  (member) contribution:read on same organisation (m-ben): GET /members/m-ben/contributions -> 200, policy says deny
     WRONG ana  (member) contribution:read on other organisation (m-gil): GET /members/m-gil/contributions -> 200, policy says deny
     WRONG erin (employer_admin) contribution:read on other organisation (m-gil): GET /members/m-gil/contributions -> 200, policy says deny
     WRONG erin (employer_admin) contribution:create on other organisation (m-gil): POST /members/m-gil/contributions -> 201, policy says deny
     WRONG sam  (staff) change_request:approve (requested by me) on other organisation (m-gil): POST /change-requests/21/approve -> 200, policy says deny
     WRONG sam  (staff) audit_log:read on other organisation (m-gil): GET /members/m-gil/audit-log -> 200, policy says deny
     WRONG aud  (auditor) change_request:create on other organisation (m-gil): POST /members/m-gil/change-requests -> 201, policy says deny

## 2. One policy: can(user, action, resource)
   concept: RBAC: a role grants a list of actions; ABAC: a condition on user and resource narrows each one (own record, same organisation, requested by me, pending); no rule means deny
   unknown role "contractor": 0 of 63 cells allowed
   no user: can(null, "member:read", ...) = false; unknown action "member:delete" = false
   action on the wrong kind of resource: can(sam, "member:read", <a contribution>) = false
   a route registered without an action: route DELETE /members/:id declares no action: refusing to start (deny by default)

## 3. The permission matrix, generated from the policy
   concept: roles x actions x relationship of the record to the user, each cell answered by can(); committed as Markdown and HTML so a reviewer reads the policy as a table
   4 roles x 9 actions x 3 relationships = 108 cells: 19 allow, 44 deny, 45 cannot occur; wrote out/matrix.md, out/matrix.html
                   action                                              own record          same organisation   other organisation  
   member          member:read                                         allow               deny                deny                
   member          member:update                                       allow               deny                deny                
   member          contribution:read                                   allow               deny                deny                
   member          contribution:create                                 deny                deny                deny                
   member          change_request:create                               allow               deny                deny                
   member          change_request:read                                 allow               deny                deny                
   member          change_request:approve (requested by someone else)  deny                deny                deny                
   member          change_request:approve (requested by me)            deny                deny                deny                
   member          audit_log:read                                      deny                deny                deny                
   employer_admin  member:read                                         -                   allow               deny                
   employer_admin  member:update                                       -                   deny                deny                
   employer_admin  contribution:read                                   -                   allow               deny                
   employer_admin  contribution:create                                 -                   allow               deny                
   employer_admin  change_request:create                               -                   allow               deny                
   employer_admin  change_request:read                                 -                   allow               deny                
   employer_admin  change_request:approve (requested by someone else)  -                   deny                deny                
   employer_admin  change_request:approve (requested by me)            -                   deny                deny                
   employer_admin  audit_log:read                                      -                   deny                deny                
   staff           member:read                                         -                   -                   allow               
   staff           member:update                                       -                   -                   deny                
   staff           contribution:read                                   -                   -                   allow               
   staff           contribution:create                                 -                   -                   deny                
   staff           change_request:create                               -                   -                   allow               
   staff           change_request:read                                 -                   -                   allow               
   staff           change_request:approve (requested by someone else)  -                   -                   allow               
   staff           change_request:approve (requested by me)            -                   -                   deny                
   staff           audit_log:read                                      -                   -                   deny                
   auditor         member:read                                         -                   -                   allow               
   auditor         member:update                                       -                   -                   deny                
   auditor         contribution:read                                   -                   -                   allow               
   auditor         contribution:create                                 -                   -                   deny                
   auditor         change_request:create                               -                   -                   deny                
   auditor         change_request:read                                 -                   -                   allow               
   auditor         change_request:approve (requested by someone else)  -                   -                   deny                
   auditor         change_request:approve (requested by me)            -                   -                   deny                
   auditor         audit_log:read                                      -                   -                   allow               

## 4. After: every route goes through the policy
   concept: each route declares its action and how to load its resource's attributes; one wrapper calls can() before any handler runs (403 with the rule that failed)
   src/app.ts: 8 routes, 0 lines comparing user.role; every route names one of 8 actions
   policy app: 63 requests, one per matrix cell; 63 answered as the policy says, 0 did not

## 5. The same rules in Postgres RLS, checked cell by cell
   concept: each cell's statement runs as the `app` role with the user's id, role, organisation and member record set for the transaction; the transaction is rolled back after each cell
   63 of 63 cells: code and database agree
   as ana: SELECT id FROM members -> m-ana (RLS filters, the query does not fail)
   as sam, approving the request sam filed -> 42501 new row violates row-level security policy for table "change_requests"

## 6. A bug only RLS catches
   concept: the policy is right and the matrix passes; the bug is in the code that loads the resource's attributes: it takes the requester from the member the request is about. Self-service requests hide it; a request staff file on a member's behalf shows it
   buggy loader, database not enforcing (connected as owner, like the sprinkled app):
     sam files a bank account change for Gil -> 201; sam approves it -> 200 {"approved":"79"}
     change_requests row: {"id":79,"member_id":"m-gil","requested_by":"sam","status":"approved","approved_by":"sam"}
   buggy loader, RLS on:
     sam files a bank account change for Gil -> 201; sam approves it -> 403 {"error":"forbidden","why":"refused by the database policy"}
     change_requests row: {"id":80,"member_id":"m-gil","requested_by":"sam","status":"pending","approved_by":null}
     logged: sam POST /change-requests/:id/approve (change_request:approve): code allowed, RLS refused: new row violates row-level security policy for table "change_requests"
   loader fixed, RLS on:
     sam files a bank account change for Gil -> 201; sam approves it -> 403 {"error":"forbidden","why":"change_request:approve: \"any organisation and pending and not requested by me\" does not hold"}
     change_requests row: {"id":81,"member_id":"m-gil","requested_by":"sam","status":"pending","approved_by":null}
   loader fixed, RLS on, a second member of staff approves:
     sam files a bank account change for Gil -> 201; sky approves it -> 200 {"approved":"82"}
     change_requests row: {"id":82,"member_id":"m-gil","requested_by":"sam","status":"approved","approved_by":"sky"}

== tests: the matrix against hand-written expectations, code against RLS on every cell (vitest) ==

 RUN  v5.0.3 <repo>/37-authorization

 ✓ test/matrix.test.ts > permission matrix > has one expectation per generated cell, and no more 7ms
 ✓ test/matrix.test.ts > permission matrix > member | member:read | own record -> allow 0ms
 ✓ test/matrix.test.ts > permission matrix > member | member:read | same organisation -> deny 0ms
 ✓ test/matrix.test.ts > permission matrix > member | member:read | other organisation -> deny 0ms
 ✓ test/matrix.test.ts > permission matrix > member | member:update | own record -> allow 0ms
 ✓ test/matrix.test.ts > permission matrix > member | member:update | same organisation -> deny 0ms
 ✓ test/matrix.test.ts > permission matrix > member | member:update | other organisation -> deny 0ms
 ✓ test/matrix.test.ts > permission matrix > member | contribution:read | own record -> allow 0ms
 ✓ test/matrix.test.ts > permission matrix > member | contribution:read | same organisation -> deny 5ms
 ✓ test/matrix.test.ts > permission matrix > member | contribution:read | other organisation -> deny 0ms
 ✓ test/matrix.test.ts > permission matrix > member | contribution:create | own record -> deny 2ms
 ✓ test/matrix.test.ts > permission matrix > member | contribution:create | same organisation -> deny 0ms
 ✓ test/matrix.test.ts > permission matrix > member | contribution:create | other organisation -> deny 0ms
 ✓ test/matrix.test.ts > permission matrix > member | change_request:create | own record -> allow 0ms
 ✓ test/matrix.test.ts > permission matrix > member | change_request:create | same organisation -> deny 0ms
 ✓ test/matrix.test.ts > permission matrix > member | change_request:create | other organisation -> deny 0ms
 ✓ test/matrix.test.ts > permission matrix > member | change_request:read | own record -> allow 0ms
 ✓ test/matrix.test.ts > permission matrix > member | change_request:read | same organisation -> deny 0ms
 ✓ test/matrix.test.ts > permission matrix > member | change_request:read | other organisation -> deny 0ms
 ✓ test/matrix.test.ts > permission matrix > member | change_request:approve (requested by someone else) | own record -> deny 0ms
 ✓ test/matrix.test.ts > permission matrix > member | change_request:approve (requested by someone else) | same organisation -> deny 0ms
 ✓ test/matrix.test.ts > permission matrix > member | change_request:approve (requested by someone else) | other organisation -> deny 0ms
 ✓ test/matrix.test.ts > permission matrix > member | change_request:approve (requested by me) | own record -> deny 0ms
 ✓ test/matrix.test.ts > permission matrix > member | change_request:approve (requested by me) | same organisation -> deny 0ms
 ✓ test/matrix.test.ts > permission matrix > member | change_request:approve (requested by me) | other organisation -> deny 0ms
 ✓ test/matrix.test.ts > permission matrix > member | audit_log:read | own record -> deny 0ms
 ✓ test/matrix.test.ts > permission matrix > member | audit_log:read | same organisation -> deny 0ms
 ✓ test/matrix.test.ts > permission matrix > member | audit_log:read | other organisation -> deny 6ms
 ✓ test/matrix.test.ts > permission matrix > employer_admin | member:read | own record -> n/a 1ms
 ✓ test/matrix.test.ts > permission matrix > employer_admin | member:read | same organisation -> allow 0ms
 ✓ test/matrix.test.ts > permission matrix > employer_admin | member:read | other organisation -> deny 0ms
 ✓ test/matrix.test.ts > permission matrix > employer_admin | member:update | own record -> n/a 0ms
 ✓ test/matrix.test.ts > permission matrix > employer_admin | member:update | same organisation -> deny 0ms
 ✓ test/matrix.test.ts > permission matrix > employer_admin | member:update | other organisation -> deny 0ms
 ✓ test/matrix.test.ts > permission matrix > employer_admin | contribution:read | own record -> n/a 0ms
 ✓ test/matrix.test.ts > permission matrix > employer_admin | contribution:read | same organisation -> allow 0ms
 ✓ test/matrix.test.ts > permission matrix > employer_admin | contribution:read | other organisation -> deny 0ms
 ✓ test/matrix.test.ts > permission matrix > employer_admin | contribution:create | own record -> n/a 0ms
 ✓ test/matrix.test.ts > permission matrix > employer_admin | contribution:create | same organisation -> allow 0ms
 ✓ test/matrix.test.ts > permission matrix > employer_admin | contribution:create | other organisation -> deny 0ms
 ✓ test/matrix.test.ts > permission matrix > employer_admin | change_request:create | own record -> n/a 0ms
 ✓ test/matrix.test.ts > permission matrix > employer_admin | change_request:create | same organisation -> allow 0ms
 ✓ test/matrix.test.ts > permission matrix > employer_admin | change_request:create | other organisation -> deny 0ms
 ✓ test/matrix.test.ts > permission matrix > employer_admin | change_request:read | own record -> n/a 0ms
 ✓ test/matrix.test.ts > permission matrix > employer_admin | change_request:read | same organisation -> allow 0ms
 ✓ test/matrix.test.ts > permission matrix > employer_admin | change_request:read | other organisation -> deny 0ms
 ✓ test/matrix.test.ts > permission matrix > employer_admin | change_request:approve (requested by someone else) | own record -> n/a 4ms
 ✓ test/matrix.test.ts > permission matrix > employer_admin | change_request:approve (requested by someone else) | same organisation -> deny 0ms
 ✓ test/matrix.test.ts > permission matrix > employer_admin | change_request:approve (requested by someone else) | other organisation -> deny 0ms
 ✓ test/matrix.test.ts > permission matrix > employer_admin | change_request:approve (requested by me) | own record -> n/a 0ms
 ✓ test/matrix.test.ts > permission matrix > employer_admin | change_request:approve (requested by me) | same organisation -> deny 0ms
 ✓ test/matrix.test.ts > permission matrix > employer_admin | change_request:approve (requested by me) | other organisation -> deny 0ms
 ✓ test/matrix.test.ts > permission matrix > employer_admin | audit_log:read | own record -> n/a 0ms
 ✓ test/matrix.test.ts > permission matrix > employer_admin | audit_log:read | same organisation -> deny 0ms
 ✓ test/matrix.test.ts > permission matrix > employer_admin | audit_log:read | other organisation -> deny 0ms
 ✓ test/matrix.test.ts > permission matrix > staff | member:read | own record -> n/a 0ms
 ✓ test/matrix.test.ts > permission matrix > staff | member:read | same organisation -> n/a 0ms
 ✓ test/matrix.test.ts > permission matrix > staff | member:read | other organisation -> allow 0ms
 ✓ test/matrix.test.ts > permission matrix > staff | member:update | own record -> n/a 0ms
 ✓ test/matrix.test.ts > permission matrix > staff | member:update | same organisation -> n/a 0ms
 ✓ test/matrix.test.ts > permission matrix > staff | member:update | other organisation -> deny 0ms
 ✓ test/matrix.test.ts > permission matrix > staff | contribution:read | own record -> n/a 0ms
 ✓ test/matrix.test.ts > permission matrix > staff | contribution:read | same organisation -> n/a 0ms
 ✓ test/matrix.test.ts > permission matrix > staff | contribution:read | other organisation -> allow 0ms
 ✓ test/matrix.test.ts > permission matrix > staff | contribution:create | own record -> n/a 0ms
 ✓ test/matrix.test.ts > permission matrix > staff | contribution:create | same organisation -> n/a 0ms
 ✓ test/matrix.test.ts > permission matrix > staff | contribution:create | other organisation -> deny 0ms
 ✓ test/matrix.test.ts > permission matrix > staff | change_request:create | own record -> n/a 0ms
 ✓ test/matrix.test.ts > permission matrix > staff | change_request:create | same organisation -> n/a 0ms
 ✓ test/matrix.test.ts > permission matrix > staff | change_request:create | other organisation -> allow 0ms
 ✓ test/matrix.test.ts > permission matrix > staff | change_request:read | own record -> n/a 0ms
 ✓ test/matrix.test.ts > permission matrix > staff | change_request:read | same organisation -> n/a 0ms
 ✓ test/matrix.test.ts > permission matrix > staff | change_request:read | other organisation -> allow 0ms
 ✓ test/matrix.test.ts > permission matrix > staff | change_request:approve (requested by someone else) | own record -> n/a 0ms
 ✓ test/matrix.test.ts > permission matrix > staff | change_request:approve (requested by someone else) | same organisation -> n/a 0ms
 ✓ test/matrix.test.ts > permission matrix > staff | change_request:approve (requested by someone else) | other organisation -> allow 0ms
 ✓ test/matrix.test.ts > permission matrix > staff | change_request:approve (requested by me) | own record -> n/a 0ms
 ✓ test/matrix.test.ts > permission matrix > staff | change_request:approve (requested by me) | same organisation -> n/a 0ms
 ✓ test/matrix.test.ts > permission matrix > staff | change_request:approve (requested by me) | other organisation -> deny 0ms
 ✓ test/matrix.test.ts > permission matrix > staff | audit_log:read | own record -> n/a 0ms
 ✓ test/matrix.test.ts > permission matrix > staff | audit_log:read | same organisation -> n/a 0ms
 ✓ test/matrix.test.ts > permission matrix > staff | audit_log:read | other organisation -> deny 0ms
 ✓ test/matrix.test.ts > permission matrix > auditor | member:read | own record -> n/a 0ms
 ✓ test/matrix.test.ts > permission matrix > auditor | member:read | same organisation -> n/a 0ms
 ✓ test/matrix.test.ts > permission matrix > auditor | member:read | other organisation -> allow 0ms
 ✓ test/matrix.test.ts > permission matrix > auditor | member:update | own record -> n/a 0ms
 ✓ test/matrix.test.ts > permission matrix > auditor | member:update | same organisation -> n/a 0ms
 ✓ test/matrix.test.ts > permission matrix > auditor | member:update | other organisation -> deny 0ms
 ✓ test/matrix.test.ts > permission matrix > auditor | contribution:read | own record -> n/a 0ms
 ✓ test/matrix.test.ts > permission matrix > auditor | contribution:read | same organisation -> n/a 0ms
 ✓ test/matrix.test.ts > permission matrix > auditor | contribution:read | other organisation -> allow 0ms
 ✓ test/matrix.test.ts > permission matrix > auditor | contribution:create | own record -> n/a 0ms
 ✓ test/matrix.test.ts > permission matrix > auditor | contribution:create | same organisation -> n/a 0ms
 ✓ test/matrix.test.ts > permission matrix > auditor | contribution:create | other organisation -> deny 1ms
 ✓ test/matrix.test.ts > permission matrix > auditor | change_request:create | own record -> n/a 0ms
 ✓ test/matrix.test.ts > permission matrix > auditor | change_request:create | same organisation -> n/a 0ms
 ✓ test/matrix.test.ts > permission matrix > auditor | change_request:create | other organisation -> deny 0ms
 ✓ test/matrix.test.ts > permission matrix > auditor | change_request:read | own record -> n/a 0ms
 ✓ test/matrix.test.ts > permission matrix > auditor | change_request:read | same organisation -> n/a 0ms
 ✓ test/matrix.test.ts > permission matrix > auditor | change_request:read | other organisation -> allow 0ms
 ✓ test/matrix.test.ts > permission matrix > auditor | change_request:approve (requested by someone else) | own record -> n/a 0ms
 ✓ test/matrix.test.ts > permission matrix > auditor | change_request:approve (requested by someone else) | same organisation -> n/a 0ms
 ✓ test/matrix.test.ts > permission matrix > auditor | change_request:approve (requested by someone else) | other organisation -> deny 0ms
 ✓ test/matrix.test.ts > permission matrix > auditor | change_request:approve (requested by me) | own record -> n/a 0ms
 ✓ test/matrix.test.ts > permission matrix > auditor | change_request:approve (requested by me) | same organisation -> n/a 0ms
 ✓ test/matrix.test.ts > permission matrix > auditor | change_request:approve (requested by me) | other organisation -> deny 0ms
 ✓ test/matrix.test.ts > permission matrix > auditor | audit_log:read | own record -> n/a 0ms
 ✓ test/matrix.test.ts > permission matrix > auditor | audit_log:read | same organisation -> n/a 0ms
 ✓ test/matrix.test.ts > permission matrix > auditor | audit_log:read | other organisation -> allow 0ms
 ✓ test/matrix.test.ts > deny by default > denies a role the policy does not know 1ms
 ✓ test/matrix.test.ts > deny by default > denies an action nobody was granted 0ms
 ✓ test/matrix.test.ts > deny by default > denies without a user 0ms
 ✓ test/matrix.test.ts > deny by default > denies an action aimed at another kind of resource 0ms
 ✓ test/matrix.test.ts > deny by default > does not treat inherited object keys as rules 4ms
 ✓ test/rls.test.ts > code and database agree on every cell > ana (member) | member:read | own record 96ms
 ✓ test/rls.test.ts > code and database agree on every cell > ana (member) | member:read | same organisation 19ms
 ✓ test/rls.test.ts > code and database agree on every cell > ana (member) | member:read | other organisation 21ms
 ✓ test/rls.test.ts > code and database agree on every cell > ana (member) | member:update | own record 38ms
 ✓ test/rls.test.ts > code and database agree on every cell > ana (member) | member:update | same organisation 5ms
 ✓ test/rls.test.ts > code and database agree on every cell > ana (member) | member:update | other organisation 8ms
 ✓ test/rls.test.ts > code and database agree on every cell > ana (member) | contribution:read | own record 15ms
 ✓ test/rls.test.ts > code and database agree on every cell > ana (member) | contribution:read | same organisation 3ms
 ✓ test/rls.test.ts > code and database agree on every cell > ana (member) | contribution:read | other organisation 9ms
 ✓ test/rls.test.ts > code and database agree on every cell > ana (member) | contribution:create | own record 6ms
 ✓ test/rls.test.ts > code and database agree on every cell > ana (member) | contribution:create | same organisation 3ms
 ✓ test/rls.test.ts > code and database agree on every cell > ana (member) | contribution:create | other organisation 4ms
 ✓ test/rls.test.ts > code and database agree on every cell > ana (member) | change_request:create | own record 55ms
 ✓ test/rls.test.ts > code and database agree on every cell > ana (member) | change_request:create | same organisation 3ms
 ✓ test/rls.test.ts > code and database agree on every cell > ana (member) | change_request:create | other organisation 6ms
 ✓ test/rls.test.ts > code and database agree on every cell > ana (member) | change_request:read | own record 3ms
 ✓ test/rls.test.ts > code and database agree on every cell > ana (member) | change_request:read | same organisation 35ms
 ✓ test/rls.test.ts > code and database agree on every cell > ana (member) | change_request:read | other organisation 4ms
 ✓ test/rls.test.ts > code and database agree on every cell > ana (member) | change_request:approve (requested by someone else) | own record 20ms
 ✓ test/rls.test.ts > code and database agree on every cell > ana (member) | change_request:approve (requested by someone else) | same organisation 8ms
 ✓ test/rls.test.ts > code and database agree on every cell > ana (member) | change_request:approve (requested by someone else) | other organisation 3ms
 ✓ test/rls.test.ts > code and database agree on every cell > ana (member) | change_request:approve (requested by me) | own record 4ms
 ✓ test/rls.test.ts > code and database agree on every cell > ana (member) | change_request:approve (requested by me) | same organisation 4ms
 ✓ test/rls.test.ts > code and database agree on every cell > ana (member) | change_request:approve (requested by me) | other organisation 50ms
 ✓ test/rls.test.ts > code and database agree on every cell > ana (member) | audit_log:read | own record 18ms
 ✓ test/rls.test.ts > code and database agree on every cell > ana (member) | audit_log:read | same organisation 68ms
 ✓ test/rls.test.ts > code and database agree on every cell > ana (member) | audit_log:read | other organisation 2ms
 ✓ test/rls.test.ts > code and database agree on every cell > erin (employer_admin) | member:read | same organisation 4ms
 ✓ test/rls.test.ts > code and database agree on every cell > erin (employer_admin) | member:read | other organisation 2ms
 ✓ test/rls.test.ts > code and database agree on every cell > erin (employer_admin) | member:update | same organisation 3ms
 ✓ test/rls.test.ts > code and database agree on every cell > erin (employer_admin) | member:update | other organisation 1ms
 ✓ test/rls.test.ts > code and database agree on every cell > erin (employer_admin) | contribution:read | same organisation 2ms
 ✓ test/rls.test.ts > code and database agree on every cell > erin (employer_admin) | contribution:read | other organisation 5ms
 ✓ test/rls.test.ts > code and database agree on every cell > erin (employer_admin) | contribution:create | same organisation 13ms
 ✓ test/rls.test.ts > code and database agree on every cell > erin (employer_admin) | contribution:create | other organisation 4ms
 ✓ test/rls.test.ts > code and database agree on every cell > erin (employer_admin) | change_request:create | same organisation 7ms
 ✓ test/rls.test.ts > code and database agree on every cell > erin (employer_admin) | change_request:create | other organisation 2ms
 ✓ test/rls.test.ts > code and database agree on every cell > erin (employer_admin) | change_request:read | same organisation 4ms
 ✓ test/rls.test.ts > code and database agree on every cell > erin (employer_admin) | change_request:read | other organisation 3ms
 ✓ test/rls.test.ts > code and database agree on every cell > erin (employer_admin) | change_request:approve (requested by someone else) | same organisation 9ms
 ✓ test/rls.test.ts > code and database agree on every cell > erin (employer_admin) | change_request:approve (requested by someone else) | other organisation 3ms
 ✓ test/rls.test.ts > code and database agree on every cell > erin (employer_admin) | change_request:approve (requested by me) | same organisation 3ms
 ✓ test/rls.test.ts > code and database agree on every cell > erin (employer_admin) | change_request:approve (requested by me) | other organisation 26ms
 ✓ test/rls.test.ts > code and database agree on every cell > erin (employer_admin) | audit_log:read | same organisation 3ms
 ✓ test/rls.test.ts > code and database agree on every cell > erin (employer_admin) | audit_log:read | other organisation 19ms
 ✓ test/rls.test.ts > code and database agree on every cell > sam (staff) | member:read | other organisation 4ms
 ✓ test/rls.test.ts > code and database agree on every cell > sam (staff) | member:update | other organisation 5ms
 ✓ test/rls.test.ts > code and database agree on every cell > sam (staff) | contribution:read | other organisation 4ms
 ✓ test/rls.test.ts > code and database agree on every cell > sam (staff) | contribution:create | other organisation 2ms
 ✓ test/rls.test.ts > code and database agree on every cell > sam (staff) | change_request:create | other organisation 2ms
 ✓ test/rls.test.ts > code and database agree on every cell > sam (staff) | change_request:read | other organisation 2ms
 ✓ test/rls.test.ts > code and database agree on every cell > sam (staff) | change_request:approve (requested by someone else) | other organisation 2ms
 ✓ test/rls.test.ts > code and database agree on every cell > sam (staff) | change_request:approve (requested by me) | other organisation 4ms
 ✓ test/rls.test.ts > code and database agree on every cell > sam (staff) | audit_log:read | other organisation 20ms
 ✓ test/rls.test.ts > code and database agree on every cell > aud (auditor) | member:read | other organisation 3ms
 ✓ test/rls.test.ts > code and database agree on every cell > aud (auditor) | member:update | other organisation 6ms
 ✓ test/rls.test.ts > code and database agree on every cell > aud (auditor) | contribution:read | other organisation 2ms
 ✓ test/rls.test.ts > code and database agree on every cell > aud (auditor) | contribution:create | other organisation 2ms
 ✓ test/rls.test.ts > code and database agree on every cell > aud (auditor) | change_request:create | other organisation 7ms
 ✓ test/rls.test.ts > code and database agree on every cell > aud (auditor) | change_request:read | other organisation 3ms
 ✓ test/rls.test.ts > code and database agree on every cell > aud (auditor) | change_request:approve (requested by someone else) | other organisation 2ms
 ✓ test/rls.test.ts > code and database agree on every cell > aud (auditor) | change_request:approve (requested by me) | other organisation 2ms
 ✓ test/rls.test.ts > code and database agree on every cell > aud (auditor) | audit_log:read | other organisation 2ms
 ✓ test/rls.test.ts > a bug only RLS catches > the buggy loader makes the code allow a self-approval that the database refuses 11ms

 Test Files  2 passed (2)
      Tests  178 passed (178)
   Start at  05:54:15
   Duration  1.55s (tests 47%, transform 35%, import 17%, worker 1%)

== screenshot: out/matrix.html ==
228380 screenshots/matrix.png
== proof: role checks per file (lines comparing user.role) ==
src/sprinkled.ts: 10
src/app.ts: 0
src/policy.ts: 0
== proof: the RLS policies as Postgres stores them ==
    tablename    |       policyname       |  cmd   |                               using                                |                                                                                                                                             with_check                                                                                                                                              
-----------------+------------------------+--------+--------------------------------------------------------------------+-----------------------------------------------------------------------------------------------------------------------------------------------------------------------------------------------------------------------------------------------------------------------------------------------------
 audit_log       | audit_log_read         | SELECT | (app_role() = 'auditor'::text)                                     | 
 change_requests | change_request_create  | INSERT |                                                                    | ((requested_by = app_user()) AND (status = 'pending'::text) AND (approved_by IS NULL) AND CASE app_role() WHEN 'member'::text THEN (rel(member_id) = 'own record'::text) WHEN 'employer_admin'::text THEN (rel(member_id) = 'same organisation'::text) WHEN 'staff'::text THEN true ELSE false END)
 change_requests | change_request_read    | SELECT | can_read_member_data(member_id)                                    | 
 change_requests | change_request_approve | UPDATE | ((app_role() = 'staff'::text) AND (status = 'pending'::text))      | ((app_role() = 'staff'::text) AND (status = 'approved'::text) AND (approved_by = app_user()) AND (requested_by <> app_user()))
 contributions   | contribution_create    | INSERT |                                                                    | ((app_role() = 'employer_admin'::text) AND (rel(member_id) = 'same organisation'::text))
 contributions   | contribution_read      | SELECT | can_read_member_data(member_id)                                    | 
 members         | member_read            | SELECT | can_read_member_data(id)                                           | 
 members         | member_update          | UPDATE | ((app_role() = 'member'::text) AND (rel(id) = 'own record'::text)) | ((app_role() = 'member'::text) AND (rel(id) = 'own record'::text))
(8 rows)

       proname        | security_definer |                                                                                                body                                                                                                
----------------------+------------------+----------------------------------------------------------------------------------------------------------------------------------------------------------------------------------------------------
 can_read_member_data | f                |  SELECT CASE app_role() WHEN 'member' THEN rel(target) = 'own record' WHEN 'employer_admin' THEN rel(target) = 'same organisation' WHEN 'staff' THEN true WHEN 'auditor' THEN true ELSE false END 
 rel                  | t                |  SELECT CASE WHEN target = app_member() THEN 'own record' WHEN (SELECT org_id FROM members WHERE id = target) = app_org() THEN 'same organisation' ELSE 'other organisation' END 
(2 rows)

== proof: what the app role may do at all (RLS only filters inside these grants) ==
   table_name    | privilege_type |                            columns                             
-----------------+----------------+----------------------------------------------------------------
 change_requests | INSERT         | approved_by, field, id, member_id, requested_by, status, value
 change_requests | UPDATE         | approved_by, status
 contributions   | INSERT         | amount, id, member_id, period
 members         | UPDATE         | address
(4 rows)

 rolname  | rolsuper | rolbypassrls 
----------+----------+--------------
 app      | f        | f
 postgres | t        | t
(2 rows)

== proof: the four bank account requests from step 6 ==
 id | member_id | requested_by |    field     |  status  | approved_by 
----+-----------+--------------+--------------+----------+-------------
 79 | m-gil     | sam          | bank_account | approved | sam
 80 | m-gil     | sam          | bank_account | pending  | 
 81 | m-gil     | sam          | bank_account | pending  | 
 82 | m-gil     | sam          | bank_account | approved | sky
(4 rows)

== proof: out/matrix.md (first rows) ==
| role | action | rule | own record | same organisation | other organisation |
| --- | --- | --- | --- | --- | --- |
| member | `member:read` | own record | allow | deny | deny |
| member | `member:update` | own record | allow | deny | deny |
| member | `contribution:read` | own record | allow | deny | deny |
| member | `contribution:create` | no rule: deny by default | deny | deny | deny |
| member | `change_request:create` | own record and requested by me | allow | deny | deny |
| member | `change_request:read` | own record | allow | deny | deny |
| member | `change_request:approve (requested by someone else)` | no rule: deny by default | deny | deny | deny |
| member | `change_request:approve (requested by me)` | no rule: deny by default | deny | deny | deny |
| member | `audit_log:read` | no rule: deny by default | deny | deny | deny |
| employer_admin | `member:read` | same organisation | – | allow | deny |
