# 40-feature-flags run 2026-10-03T19:54:48Z
== fresh Postgres for flags and flag_audit (docker compose down -v && up) ==
 Container 40-feature-flags-postgres-1 Healthy 
setup: flags, flag_audit, exposures; 5 flags seeded from src/registry.ts
== demo: a statement API (a separate process) evaluates flags from a cached copy; the demo flips them ==
   [server] statement API on :53050, flag cache TTL 5000 ms, LISTEN on

## 1. Release toggle, stored in Postgres, every change audited
   concept: the new statement page is merged and deployed dark; turning it on is a row update that names who and why, not a deploy
   employer-bulk-upload   tenant     enabled=true pct=0 tenants={} expires 2027-06-30
   legacy-pdf-renderer    release    enabled=false pct=0 tenants={} expires 2026-08-31
   new-statement-page     release    enabled=false pct=0 tenants={} expires 2027-03-31
   ops-live-valuation     kill       enabled=true pct=0 tenants={} expires 2027-12-31
   projection-v2          percentage enabled=true pct=0 tenants={} expires 2027-03-31
   GET /statement M00001 (acme): page=old
   ok: the release toggle is off by default: members get the old page
   [server] NOTIFY flags_changed new-statement-page: cached copy dropped
   setFlag(new-statement-page, enabled=true) -> version 2; the server served the new page 46 ms after the commit
   ok: turning the toggle on reaches the running server without a restart
   a raw UPDATE without app.actor: flag change without app.actor: say who changes new-statement-page and why
   ok: an anonymous flag change is refused by the audit trigger
   audit: alice (release manager): enabled false -> true ("statement rewrite signed off by the statements team")
   ok: the change is in flag_audit with actor, reason, before and after

## 2. Percentage rollout with a stable hash
   concept: bucket = sha256(flag key + member id) mod 10000; on when bucket < percentage x 100. Raising the percentage only adds buckets, so a member who had the feature keeps it
   [server] NOTIFY flags_changed projection-v2: cached copy dropped
     1%: stable    95 on (0.95%), kept 0, lost 0 | naive    90 on, lost 0 | 10000 evaluations, 1 flag read from Postgres
   [server] NOTIFY flags_changed projection-v2: cached copy dropped
    10%: stable  1018 on (10.18%), kept 95, lost 0 | naive   980 on, lost 79 | 10000 evaluations, 1 flag read from Postgres
   [server] NOTIFY flags_changed projection-v2: cached copy dropped
    50%: stable  4972 on (49.72%), kept 1018, lost 0 | naive  5019 on, lost 496 | 10000 evaluations, 1 flag read from Postgres
   [server] NOTIFY flags_changed projection-v2: cached copy dropped
   100%: stable 10000 on (100.00%), kept 4972, lost 0 | naive 10000 on, lost 0 | 10000 evaluations, 1 flag read from Postgres
   ok: every step is within 3 standard deviations of its target
   ok: nobody lost the feature as the percentage grew from 1 to 10 to 50 to 100%
   ok: a fresh random draw per request takes the feature away from members at every step but the last
   at 10%, a second page load gave a different answer to 0 members (stable hash) and 1747 members (fresh random draw)
   ok: the stable hash gives a member the same answer on every request
   members in the first 10% of both projection-v2 and new-statement-page: 108 (independent flags: about 10% x 10% x 10000 = 100)
   ok: the flag key is in the hash, so each flag picks a different 10% of members
   [server] NOTIFY flags_changed projection-v2: cached copy dropped
   at 50%: the server and this process agree on 200 of 200 members
   ok: any process computes the same answer for the same member (no shared session state)

## 3. Per-tenant targeting
   concept: the bulk upload goes to Acme first; Globex and Initech keep the old flow until Acme's employers have used it for a month
   before: {"acme":false,"globex":false,"initech":false}
   [server] NOTIFY flags_changed employer-bulk-upload: cached copy dropped
   tenants={acme}: {"acme":true,"globex":false,"initech":false}
   ok: only Acme sees the bulk upload
   [server] NOTIFY flags_changed employer-bulk-upload: cached copy dropped
   tenants={acme,globex}: {"acme":true,"globex":true,"initech":false}
   ok: adding Globex leaves Initech on the old flow

## 4. Ops kill switch during an incident
   concept: the live valuation call is slow and the valuation service is timing out; on-call turns it off and the very next evaluation stops calling it
   [server] NOTIFY flags_changed ops-live-valuation: cached copy dropped
   before the switch: 19 requests, mean 42.9 ms, live valuation on 19
   after the commit:  881 requests, mean 0.9 ms, live valuation on 0 (requests that started after the commit)
   ok: the kill switch takes effect within one evaluation cycle (at most one request after the commit still made the call)
   ok: the statement gets fast again once the expensive call is off

## 5. Without LISTEN/NOTIFY, the cache TTL is the delay
   concept: two clients with the same 5 s TTL; only one LISTENs. The incident is resolved and the switch goes back on: who sees it when?
   [server] NOTIFY flags_changed ops-live-valuation: cached copy dropped
   LISTEN client saw the change after 9 ms, TTL-only client after 4704 ms
   ok: NOTIFY invalidates in milliseconds; the TTL alone takes seconds
   server cache: 4456 evaluations, 16 reads from Postgres, 10 invalidations by NOTIFY
   ok: the cache answers almost every evaluation locally

## 6. Flag removal: CI fails on an expired flag still in the code
   concept: lint-flags.ts scans the code for every key in the registry; a key past its expiry date that is still referenced fails the build
   $ tsx src/lint-flags.ts src   (exit 0)
     lint-flags: today 2026-10-03, 6 files scanned in src
       ok     "new-statement-page" expires in 179 days, referenced 6x
       ok     "projection-v2" expires in 179 days, referenced 10x
       ok     "employer-bulk-upload" expires in 270 days, referenced 3x
       ok     "ops-live-valuation" expires in 454 days, referenced 4x
       warn   "legacy-pdf-renderer" EXPIRED 33 days ago, no longer referenced: delete it from the registry and the flags table
     lint-flags: passed
   ok: the service's own code passes: no expired flag referenced
   $ tsx src/lint-flags.ts fixtures/stale-app   (exit 1)
     lint-flags: today 2026-10-03, 1 files scanned in fixtures/stale-app
       ok     "new-statement-page" expires in 179 days, referenced 0x
       ok     "projection-v2" expires in 179 days, referenced 0x
       ok     "employer-bulk-upload" expires in 270 days, referenced 0x
       ok     "ops-live-valuation" expires in 454 days, referenced 0x
       error  fixtures/stale-app/statement-pdf.ts:6  "legacy-pdf-renderer" EXPIRED 33 days ago (2026-08-31, owner: statements team): delete the flag check and the losing branch
     lint-flags: FAILED, 1 expired flag(s) still referenced
   ok: the stale copy fails CI and names the file, the line and the owner

## 7. Exposure chart
   concept: out/exposure.svg from the exposures table: members exposed per step (kept plus added) and members who lost the feature
   wrote out/exposure.svg (6840 bytes, 9 bars)
   ok: the chart was written

== proof: flags, the state after the run (version counts the updates) ==
         key          |    kind    | enabled | percentage |    tenants    | expires_on | version 
----------------------+------------+---------+------------+---------------+------------+---------
 employer-bulk-upload | tenant     | t       |          0 | {acme,globex} | 2027-06-30 |       3
 legacy-pdf-renderer  | release    | f       |          0 | {}            | 2026-08-31 |       1
 new-statement-page   | release    | t       |          0 | {}            | 2027-03-31 |       2
 ops-live-valuation   | kill       | t       |          0 | {}            | 2027-12-31 |       3
 projection-v2        | percentage | t       |         50 | {}            | 2027-03-31 |       6
(5 rows)

== proof: flag_audit, one row per change, written by the trigger with the actor and reason the transaction set ==
 id |      at      |       flag_key       | action |          actor          |                            reason                             | was_on | is_on | was_pct | pct |      tenants       
----+--------------+----------------------+--------+-------------------------+---------------------------------------------------------------+--------+-------+---------+-----+--------------------
  1 | 19:54:52.859 | new-statement-page   | insert | setup                   | seeded from src/registry.ts                                   |        | false |         | 0   | []
  2 | 19:54:52.860 | projection-v2        | insert | setup                   | seeded from src/registry.ts                                   |        | true  |         | 0   | []
  3 | 19:54:52.861 | employer-bulk-upload | insert | setup                   | seeded from src/registry.ts                                   |        | true  |         | 0   | []
  4 | 19:54:52.861 | ops-live-valuation   | insert | setup                   | seeded from src/registry.ts                                   |        | true  |         | 0   | []
  5 | 19:54:52.862 | legacy-pdf-renderer  | insert | setup                   | seeded from src/registry.ts                                   |        | false |         | 0   | []
  6 | 19:54:54.069 | new-statement-page   | update | alice (release manager) | statement rewrite signed off by the statements team           | false  | true  | 0       | 0   | []
  7 | 19:54:54.140 | projection-v2        | update | bob (statements team)   | rollout step 1%                                               | true   | true  | 0       | 1   | []
  8 | 19:54:54.329 | projection-v2        | update | bob (statements team)   | rollout step 10%                                              | true   | true  | 1       | 10  | []
  9 | 19:54:54.490 | projection-v2        | update | bob (statements team)   | rollout step 50%                                              | true   | true  | 10      | 50  | []
 10 | 19:54:54.631 | projection-v2        | update | bob (statements team)   | rollout step 100%                                             | true   | true  | 50      | 100 | []
 11 | 19:54:54.756 | projection-v2        | update | bob (statements team)   | back to 50% to compare server and local answers               | true   | true  | 100     | 50  | []
 12 | 19:55:03.480 | employer-bulk-upload | update | carol (employer team)   | pilot with Acme                                               | true   | true  | 0       | 0   | ["acme"]
 13 | 19:55:03.580 | employer-bulk-upload | update | carol (employer team)   | Acme pilot went well, add Globex                              | true   | true  | 0       | 0   | ["acme", "globex"]
 14 | 19:55:04.480 | ops-live-valuation   | update | dave (ops on-call)      | INC-0412: valuation service timeouts, turn off live valuation | true   | false | 0       | 0   | []
 15 | 19:55:05.585 | ops-live-valuation   | update | dave (ops on-call)      | INC-0412 resolved, live valuation back on                     | false  | true  | 0       | 0   | []
(15 rows)

== proof: exposures. Members on at each step, and members on at the previous step but off now (the stable hash never takes the feature away) ==
 percentage | stable_on | stable_lost | naive_on | naive_lost 
------------+-----------+-------------+----------+------------
          1 |        95 |           0 |       90 |          0
         10 |      1018 |           0 |      980 |         79
         50 |      4972 |           0 |     5019 |        496
        100 |     10000 |           0 |    10000 |          0
(4 rows)

== proof: exposure by tenant at 10% (the hash ignores the tenant, so every employer gets about the same share) ==
 tenant  | members | on_at_10pct | pct  
---------+---------+-------------+------
 acme    |    5000 |         530 | 10.6
 globex  |    3000 |         287 |  9.6
 initech |    2000 |         201 | 10.1
(3 rows)

== proof: CI check on the service's own code (npm run lint:flags) ==
lint-flags: today 2026-10-03, 6 files scanned in src
  ok     "new-statement-page" expires in 179 days, referenced 6x
  ok     "projection-v2" expires in 179 days, referenced 10x
  ok     "employer-bulk-upload" expires in 270 days, referenced 3x
  ok     "ops-live-valuation" expires in 454 days, referenced 4x
  warn   "legacy-pdf-renderer" EXPIRED 33 days ago, no longer referenced: delete it from the registry and the flags table
lint-flags: passed
== proof: out/exposure.svg ==
6840 out/exposure.svg
== screenshot: screenshots/exposure.png (the SVG rendered by tools/render.mjs) ==
39714 screenshots/exposure.png
