# cdc-debezium run 2026-09-26T08:45:56Z
== fresh Postgres + Kafka + Debezium Connect (docker compose down -v && up) ==
 Container cdc-debezium-connect-1 Healthy 
== proof: Postgres runs with logical WAL ==
logical
== waiting for Kafka Connect REST API ==
== setup: create orders table + register Debezium connector ==
connector: 201 {"name":"orders-connector","config":{"connector.class":"io.debezium.connector.postgresql.PostgresConnecto
== waiting for connector to open its replication slot ==
{"name":"orders-connector","connector":{"state":"RUNNING","worker_id":"172.21.0.4:8083"},"tasks":[{"id":0,"state":"RUNNING","worker_id":"172.21.0.4:8083"}],"type":"source"}
== consumer (background) ==
== writer ==
writer: plain SQL, the app knows nothing about Kafka
writer: INSERT order 1
writer: UPDATE order 1 status=paid
writer: one transaction -> UPDATE order 1 status=shipped + INSERT bob (expect same tx id)
writer: DELETE bob then ROLLBACK (expect no event: WAL only emits committed changes)
writer: DELETE order 1
== waiting for 5 change events to reach the consumer ==
consumer: subscribed to app.public.orders
consumer: INSERT lsn=22142888 tx=734 before=null after={"id":1,"customer":"alice","status":"pending","total":"42.50"}
consumer: UPDATE lsn=22143200 tx=735 before={"id":1,"customer":"alice","status":"pending","total":"42.50"} after={"id":1,"customer":"alice","status":"paid","total":"42.50"}
consumer: UPDATE lsn=22143368 tx=736 before={"id":1,"customer":"alice","status":"paid","total":"42.50"} after={"id":1,"customer":"alice","status":"shipped","total":"42.50"}
consumer: INSERT lsn=22143488 tx=736 before=null after={"id":2,"customer":"bob","status":"pending","total":"10.00"}
consumer: DELETE lsn=22143808 tx=738 before={"id":1,"customer":"alice","status":"shipped","total":"42.50"} after=null

== proof: replication slot Debezium reads the WAL through (confirmed_flush_lsn advances as it consumes) ==
 slot_name |  plugin  | slot_type | active | confirmed_flush_lsn 
-----------+----------+-----------+--------+---------------------
 debezium  | pgoutput | logical   | t      | 0/151DED8
(1 row)

== proof: publication pgoutput uses to pick tables ==
     pubname     | schemaname | tablename |          attnames          | rowfilter 
-----------------+------------+-----------+----------------------------+-----------
 dbz_publication | public     | orders    | {id,customer,status,total} | 
(1 row)

== proof: Kafka topics (connector created app.public.orders) ==
__consumer_offsets
app.public.orders
connect_configs
connect_offsets
connect_statuses
== proof: orders table now (only bob left) ==
 id | customer | status  | total 
----+----------+---------+-------
  2 | bob      | pending | 10.00
(1 row)

